Archive member included to satisfy reference by file (symbol)

/opt/microchip/xc8/v2.31/avr/bin/../lib/gcc/avr/5.4.0/../../../../avr/lib/avrxmega3/libm.a(addsf3.o)
                              build/GOOGLE_IOT/production/mcc_generated_files/sensors_handling.o (__addsf3)
/opt/microchip/xc8/v2.31/avr/bin/../lib/gcc/avr/5.4.0/../../../../avr/lib/avrxmega3/libm.a(addsf3x.o)
                              /opt/microchip/xc8/v2.31/avr/bin/../lib/gcc/avr/5.4.0/../../../../avr/lib/avrxmega3/libm.a(addsf3.o) (__addsf3x)
/opt/microchip/xc8/v2.31/avr/bin/../lib/gcc/avr/5.4.0/../../../../avr/lib/avrxmega3/libm.a(fixsfsi.o)
                              build/GOOGLE_IOT/production/mcc_generated_files/sensors_handling.o (__fixsfsi)
/opt/microchip/xc8/v2.31/avr/bin/../lib/gcc/avr/5.4.0/../../../../avr/lib/avrxmega3/libm.a(fixunssfsi.o)
                              /opt/microchip/xc8/v2.31/avr/bin/../lib/gcc/avr/5.4.0/../../../../avr/lib/avrxmega3/libm.a(fixsfsi.o) (__fixunssfsi)
/opt/microchip/xc8/v2.31/avr/bin/../lib/gcc/avr/5.4.0/../../../../avr/lib/avrxmega3/libm.a(floatsisf.o)
                              build/GOOGLE_IOT/production/mcc_generated_files/sensors_handling.o (__floatsisf)
/opt/microchip/xc8/v2.31/avr/bin/../lib/gcc/avr/5.4.0/../../../../avr/lib/avrxmega3/libm.a(fp_inf.o)
                              /opt/microchip/xc8/v2.31/avr/bin/../lib/gcc/avr/5.4.0/../../../../avr/lib/avrxmega3/libm.a(addsf3x.o) (__fp_inf)
/opt/microchip/xc8/v2.31/avr/bin/../lib/gcc/avr/5.4.0/../../../../avr/lib/avrxmega3/libm.a(fp_nan.o)
                              /opt/microchip/xc8/v2.31/avr/bin/../lib/gcc/avr/5.4.0/../../../../avr/lib/avrxmega3/libm.a(addsf3x.o) (__fp_nan)
/opt/microchip/xc8/v2.31/avr/bin/../lib/gcc/avr/5.4.0/../../../../avr/lib/avrxmega3/libm.a(fp_pscA.o)
                              /opt/microchip/xc8/v2.31/avr/bin/../lib/gcc/avr/5.4.0/../../../../avr/lib/avrxmega3/libm.a(addsf3x.o) (__fp_pscA)
/opt/microchip/xc8/v2.31/avr/bin/../lib/gcc/avr/5.4.0/../../../../avr/lib/avrxmega3/libm.a(fp_pscB.o)
                              /opt/microchip/xc8/v2.31/avr/bin/../lib/gcc/avr/5.4.0/../../../../avr/lib/avrxmega3/libm.a(addsf3x.o) (__fp_pscB)
/opt/microchip/xc8/v2.31/avr/bin/../lib/gcc/avr/5.4.0/../../../../avr/lib/avrxmega3/libm.a(fp_round.o)
                              /opt/microchip/xc8/v2.31/avr/bin/../lib/gcc/avr/5.4.0/../../../../avr/lib/avrxmega3/libm.a(addsf3.o) (__fp_round)
/opt/microchip/xc8/v2.31/avr/bin/../lib/gcc/avr/5.4.0/../../../../avr/lib/avrxmega3/libm.a(fp_split3.o)
                              /opt/microchip/xc8/v2.31/avr/bin/../lib/gcc/avr/5.4.0/../../../../avr/lib/avrxmega3/libm.a(addsf3x.o) (__fp_split3)
/opt/microchip/xc8/v2.31/avr/bin/../lib/gcc/avr/5.4.0/../../../../avr/lib/avrxmega3/libm.a(fp_zero.o)
                              /opt/microchip/xc8/v2.31/avr/bin/../lib/gcc/avr/5.4.0/../../../../avr/lib/avrxmega3/libm.a(addsf3x.o) (__fp_zero)
/opt/microchip/xc8/v2.31/avr/bin/../lib/gcc/avr/5.4.0/../../../../avr/lib/avrxmega3/libm.a(mulsf3.o)
                              build/GOOGLE_IOT/production/mcc_generated_files/sensors_handling.o (__mulsf3)
/opt/microchip/xc8/v2.31/avr/bin/../lib/gcc/avr/5.4.0/../../../../avr/lib/avrxmega3/libm.a(mulsf3x.o)
                              /opt/microchip/xc8/v2.31/avr/bin/../lib/gcc/avr/5.4.0/../../../../avr/lib/avrxmega3/libm.a(mulsf3.o) (__mulsf3x)
/opt/microchip/xc8/v2.31/avr/bin/../lib/gcc/avr/5.4.0/avrxmega3/libgcc.a(_udivmodhi4.o)
                              build/GOOGLE_IOT/production/mcc_generated_files/CryptoAuthenticationLibrary/atcacert/atcacert_def.o (__udivmodhi4)
/opt/microchip/xc8/v2.31/avr/bin/../lib/gcc/avr/5.4.0/avrxmega3/libgcc.a(_divmodhi4.o)
                              build/GOOGLE_IOT/production/mcc_generated_files/CryptoAuthenticationLibrary/atcacert/atcacert_date.o (__divmodhi4)
/opt/microchip/xc8/v2.31/avr/bin/../lib/gcc/avr/5.4.0/avrxmega3/libgcc.a(_udivmodsi4.o)
                              build/GOOGLE_IOT/production/mcc_generated_files/CryptoAuthenticationLibrary/atcacert/atcacert_date.o (__udivmodsi4)
/opt/microchip/xc8/v2.31/avr/bin/../lib/gcc/avr/5.4.0/avrxmega3/libgcc.a(_exit.o)
                              /opt/microchip/xc8/v2.31/dfp/xc8/avr/lib/avrxmega3/crtatmega4808.o (exit)
/opt/microchip/xc8/v2.31/avr/bin/../lib/gcc/avr/5.4.0/avrxmega3/libgcc.a(_tablejump2.o)
                              build/GOOGLE_IOT/production/mcc_generated_files/CryptoAuthenticationLibrary/atcacert/atcacert_def.o (__tablejump2__)
/opt/microchip/xc8/v2.31/avr/bin/../lib/gcc/avr/5.4.0/avrxmega3/libgcc.a(_copy_data.o)
                              build/GOOGLE_IOT/production/mcc_generated_files/cli/cli.o (__do_copy_data)
/opt/microchip/xc8/v2.31/avr/bin/../lib/gcc/avr/5.4.0/avrxmega3/libgcc.a(_bswapsi2.o)
                              build/GOOGLE_IOT/production/mcc_generated_files/CryptoAuthenticationLibrary/atcacert/atcacert_date.o (__bswapsi2)
[...]
Memory Configuration

Name             Origin             Length             Attributes
text             0x0000000000000000 0x000000000000c000 xr
data             0x0000000000802800 0x0000000000001800 rw !x
eeprom           0x0000000000810000 0x0000000000000100 rw !x
fuse             0x0000000000820000 0x000000000000000a rw !x
lock             0x0000000000830000 0x0000000000000400 rw !x
signature        0x0000000000840000 0x0000000000000400 rw !x
user_signatures  0x0000000000850000 0x0000000000000400 rw !x
*default*        0x0000000000000000 0xffffffffffffffff

Linker script and memory map

Address of section .data set to 0x802800
                0x0000000000004000                __RODATA_PM_OFFSET__ = 0x4000
LOAD /opt/microchip/xc8/v2.31/dfp/xc8/avr/lib/avrxmega3/crtatmega4808.o
                0x0000000000000001                __MPLAB_BUILD = 0x1
LOAD build/GOOGLE_IOT/production/mcc_generated_files/cli/cli.o
LOAD build/GOOGLE_IOT/production/mcc_generated_files/cloud/crypto_client/crypto_client.o
LOAD build/GOOGLE_IOT/production/mcc_generated_files/cloud/cloud_service.o
LOAD build/GOOGLE_IOT/production/mcc_generated_files/cloud/wifi_service.o
LOAD build/GOOGLE_IOT/production/mcc_generated_files/cloud/mqtt_service.o
LOAD build/GOOGLE_IOT/production/mcc_generated_files/cloud/google_cloud_service.o
LOAD build/GOOGLE_IOT/production/mcc_generated_files/credentials_storage/credentials_storage.o
LOAD build/GOOGLE_IOT/production/mcc_generated_files/CryptoAuthenticationLibrary/atcacert/atcacert_client.o
LOAD build/GOOGLE_IOT/production/mcc_generated_files/CryptoAuthenticationLibrary/atcacert/atcacert_date.o
LOAD build/GOOGLE_IOT/production/mcc_generated_files/CryptoAuthenticationLibrary/atcacert/atcacert_def.o
LOAD build/GOOGLE_IOT/production/mcc_generated_files/CryptoAuthenticationLibrary/atcacert/atcacert_der.o
LOAD build/GOOGLE_IOT/production/mcc_generated_files/CryptoAuthenticationLibrary/atcacert/atcacert_host_hw.o
LOAD build/GOOGLE_IOT/production/mcc_generated_files/CryptoAuthenticationLibrary/atcacert/atcacert_host_sw.o
LOAD build/GOOGLE_IOT/production/mcc_generated_files/CryptoAuthenticationLibrary/atcacert/atcacert_pem.o
LOAD build/GOOGLE_IOT/production/mcc_generated_files/CryptoAuthenticationLibrary/basic/atca_basic.o
LOAD build/GOOGLE_IOT/production/mcc_generated_files/CryptoAuthenticationLibrary/basic/atca_basic_checkmac.o
LOAD build/GOOGLE_IOT/production/mcc_generated_files/CryptoAuthenticationLibrary/basic/atca_basic_counter.o
LOAD build/GOOGLE_IOT/production/mcc_generated_files/CryptoAuthenticationLibrary/basic/atca_basic_derivekey.o
LOAD build/GOOGLE_IOT/production/mcc_generated_files/CryptoAuthenticationLibrary/basic/atca_basic_ecdh.o
LOAD build/GOOGLE_IOT/production/mcc_generated_files/CryptoAuthenticationLibrary/basic/atca_basic_gendig.o
LOAD build/GOOGLE_IOT/production/mcc_generated_files/CryptoAuthenticationLibrary/basic/atca_basic_genkey.o
LOAD build/GOOGLE_IOT/production/mcc_generated_files/CryptoAuthenticationLibrary/basic/atca_basic_hmac.o
LOAD build/GOOGLE_IOT/production/mcc_generated_files/CryptoAuthenticationLibrary/basic/atca_basic_info.o
LOAD build/GOOGLE_IOT/production/mcc_generated_files/CryptoAuthenticationLibrary/basic/atca_basic_kdf.o
LOAD build/GOOGLE_IOT/production/mcc_generated_files/CryptoAuthenticationLibrary/basic/atca_basic_lock.o
LOAD build/GOOGLE_IOT/production/mcc_generated_files/CryptoAuthenticationLibrary/basic/atca_basic_mac.o
LOAD build/GOOGLE_IOT/production/mcc_generated_files/CryptoAuthenticationLibrary/basic/atca_basic_nonce.o
LOAD build/GOOGLE_IOT/production/mcc_generated_files/CryptoAuthenticationLibrary/basic/atca_basic_privwrite.o
LOAD build/GOOGLE_IOT/production/mcc_generated_files/CryptoAuthenticationLibrary/basic/atca_basic_random.o
LOAD build/GOOGLE_IOT/production/mcc_generated_files/CryptoAuthenticationLibrary/basic/atca_basic_read.o
LOAD build/GOOGLE_IOT/production/mcc_generated_files/CryptoAuthenticationLibrary/basic/atca_basic_secureboot.o
LOAD build/GOOGLE_IOT/production/mcc_generated_files/CryptoAuthenticationLibrary/basic/atca_basic_selftest.o
LOAD build/GOOGLE_IOT/production/mcc_generated_files/CryptoAuthenticationLibrary/basic/atca_basic_sha.o
LOAD build/GOOGLE_IOT/production/mcc_generated_files/CryptoAuthenticationLibrary/basic/atca_basic_sign.o
LOAD build/GOOGLE_IOT/production/mcc_generated_files/CryptoAuthenticationLibrary/basic/atca_basic_updateextra.o
LOAD build/GOOGLE_IOT/production/mcc_generated_files/CryptoAuthenticationLibrary/basic/atca_basic_verify.o
LOAD build/GOOGLE_IOT/production/mcc_generated_files/CryptoAuthenticationLibrary/basic/atca_basic_write.o
LOAD build/GOOGLE_IOT/production/mcc_generated_files/CryptoAuthenticationLibrary/basic/atca_helpers.o
LOAD build/GOOGLE_IOT/production/mcc_generated_files/CryptoAuthenticationLibrary/crypto/hashes/sha1_routines.o
LOAD build/GOOGLE_IOT/production/mcc_generated_files/CryptoAuthenticationLibrary/crypto/hashes/sha2_routines.o
LOAD build/GOOGLE_IOT/production/mcc_generated_files/CryptoAuthenticationLibrary/crypto/atca_crypto_sw_ecdsa.o
LOAD build/GOOGLE_IOT/production/mcc_generated_files/CryptoAuthenticationLibrary/crypto/atca_crypto_sw_rand.o
LOAD build/GOOGLE_IOT/production/mcc_generated_files/CryptoAuthenticationLibrary/crypto/atca_crypto_sw_sha1.o
LOAD build/GOOGLE_IOT/production/mcc_generated_files/CryptoAuthenticationLibrary/crypto/atca_crypto_sw_sha2.o
LOAD build/GOOGLE_IOT/production/mcc_generated_files/CryptoAuthenticationLibrary/hal/atca_hal.o
LOAD build/GOOGLE_IOT/production/mcc_generated_files/CryptoAuthenticationLibrary/hal/atca_i2c_hal.o
LOAD build/GOOGLE_IOT/production/mcc_generated_files/CryptoAuthenticationLibrary/hal/hal_i2c_timer.o
LOAD build/GOOGLE_IOT/production/mcc_generated_files/CryptoAuthenticationLibrary/host/atca_host.o
LOAD build/GOOGLE_IOT/production/mcc_generated_files/CryptoAuthenticationLibrary/jwt/atca_jwt.o
LOAD build/GOOGLE_IOT/production/mcc_generated_files/CryptoAuthenticationLibrary/atca_cfgs.o
LOAD build/GOOGLE_IOT/production/mcc_generated_files/CryptoAuthenticationLibrary/atca_command.o
LOAD build/GOOGLE_IOT/production/mcc_generated_files/CryptoAuthenticationLibrary/atca_device.o
LOAD build/GOOGLE_IOT/production/mcc_generated_files/CryptoAuthenticationLibrary/atca_execution.o
LOAD build/GOOGLE_IOT/production/mcc_generated_files/CryptoAuthenticationLibrary/atca_iface.o
LOAD build/GOOGLE_IOT/production/mcc_generated_files/drivers/spi_master.o
LOAD build/GOOGLE_IOT/production/mcc_generated_files/drivers/timeout.o
LOAD build/GOOGLE_IOT/production/mcc_generated_files/drivers/i2c_simple_master.o
LOAD build/GOOGLE_IOT/production/mcc_generated_files/drivers/uart.o
LOAD build/GOOGLE_IOT/production/mcc_generated_files/mqtt/mqtt_comm_bsd/mqtt_comm_layer.o
LOAD build/GOOGLE_IOT/production/mcc_generated_files/mqtt/mqtt_core/mqtt_core.o
LOAD build/GOOGLE_IOT/production/mcc_generated_files/mqtt/mqtt_exchange_buffer/mqtt_exchange_buffer.o
LOAD build/GOOGLE_IOT/production/mcc_generated_files/mqtt/mqtt_packetTransfer_interface.o
LOAD build/GOOGLE_IOT/production/mcc_generated_files/mqtt/mqtt_winc_adapter.o
LOAD build/GOOGLE_IOT/production/mcc_generated_files/src/pin_manager.o
LOAD build/GOOGLE_IOT/production/mcc_generated_files/src/cpuint.o
LOAD build/GOOGLE_IOT/production/mcc_generated_files/src/spi0.o
LOAD build/GOOGLE_IOT/production/mcc_generated_files/src/protected_io.o
LOAD build/GOOGLE_IOT/production/mcc_generated_files/src/rtc.o
LOAD build/GOOGLE_IOT/production/mcc_generated_files/src/twi0_master.o
LOAD build/GOOGLE_IOT/production/mcc_generated_files/src/adc0.o
LOAD build/GOOGLE_IOT/production/mcc_generated_files/src/usart2.o
LOAD build/GOOGLE_IOT/production/usart1.o
LOAD build/GOOGLE_IOT/production/mcc_generated_files/winc/driver/winc_spi.o
LOAD build/GOOGLE_IOT/production/mcc_generated_files/winc/driver/winc_adapter.o
LOAD build/GOOGLE_IOT/production/mcc_generated_files/winc/driver/winc_hif.o
LOAD build/GOOGLE_IOT/production/mcc_generated_files/winc/driver/winc_asic.o
LOAD build/GOOGLE_IOT/production/mcc_generated_files/winc/driver/winc_drv.o
LOAD build/GOOGLE_IOT/production/mcc_generated_files/winc/m2m/m2m_ssl.o
LOAD build/GOOGLE_IOT/production/mcc_generated_files/winc/m2m/m2m_wifi.o
LOAD build/GOOGLE_IOT/production/mcc_generated_files/winc/m2m/m2m_periph.o
LOAD build/GOOGLE_IOT/production/mcc_generated_files/winc/m2m/m2m_ota.o
LOAD build/GOOGLE_IOT/production/mcc_generated_files/winc/m2m/m2m_fwinfo.o
LOAD build/GOOGLE_IOT/production/mcc_generated_files/winc/m2m/m2m_crypto.o
LOAD build/GOOGLE_IOT/production/mcc_generated_files/winc/socket/socket.o
LOAD build/GOOGLE_IOT/production/mcc_generated_files/winc/spi_flash/flexible_flash.o
LOAD build/GOOGLE_IOT/production/mcc_generated_files/winc/spi_flash/spi_flash.o
LOAD build/GOOGLE_IOT/production/mcc_generated_files/mcc.o
LOAD build/GOOGLE_IOT/production/mcc_generated_files/delay.o
LOAD build/GOOGLE_IOT/production/mcc_generated_files/device_config.o
LOAD build/GOOGLE_IOT/production/mcc_generated_files/application_manager.o
LOAD build/GOOGLE_IOT/production/mcc_generated_files/debug_print.o
LOAD build/GOOGLE_IOT/production/mcc_generated_files/led.o
LOAD build/GOOGLE_IOT/production/mcc_generated_files/sensors_handling.o
LOAD build/GOOGLE_IOT/production/mcc_generated_files/time_service.o
LOAD build/GOOGLE_IOT/production/mcc_generated_files/CryptoAuth_init.o
LOAD build/GOOGLE_IOT/production/main.o
LOAD build/GOOGLE_IOT/production/GPS.o
START GROUP
LOAD /opt/microchip/xc8/v2.31/avr/bin/../lib/gcc/avr/5.4.0/../../../../avr/lib/avrxmega3/libm.a
END GROUP
START GROUP
LOAD /opt/microchip/xc8/v2.31/avr/bin/../lib/gcc/avr/5.4.0/avrxmega3/libgcc.a
LOAD /opt/microchip/xc8/v2.31/avr/bin/../lib/gcc/avr/5.4.0/../../../../avr/lib/avrxmega3/libm.a
LOAD /opt/microchip/xc8/v2.31/avr/bin/../lib/gcc/avr/5.4.0/../../../../avr/lib/avrxmega3/libc.a
LOAD /opt/microchip/xc8/v2.31/dfp/xc8/avr/lib/avrxmega3/libatmega4808.a
END GROUP
                [0x0000000000000000]                __TEXT_REGION_ORIGIN__ = DEFINED (__TEXT_REGION_ORIGIN__)?__TEXT_REGION_ORIGIN__:0x0
                [0x0000000000802800]                __DATA_REGION_ORIGIN__ = DEFINED (__DATA_REGION_ORIGIN__)?__DATA_REGION_ORIGIN__:0x802000
                [0x000000000000c000]                __TEXT_REGION_LENGTH__ = DEFINED (__TEXT_REGION_LENGTH__)?__TEXT_REGION_LENGTH__:0x100000
                [0x0000000000001800]                __DATA_REGION_LENGTH__ = DEFINED (__DATA_REGION_LENGTH__)?__DATA_REGION_LENGTH__:0xffa0
                [0x0000000000000100]                __EEPROM_REGION_LENGTH__ = DEFINED (__EEPROM_REGION_LENGTH__)?__EEPROM_REGION_LENGTH__:0x10000
                [0x000000000000000a]                __FUSE_REGION_LENGTH__ = DEFINED (__FUSE_REGION_LENGTH__)?__FUSE_REGION_LENGTH__:0x400
                0x0000000000000400                __LOCK_REGION_LENGTH__ = DEFINED (__LOCK_REGION_LENGTH__)?__LOCK_REGION_LENGTH__:0x400
                0x0000000000000400                __SIGNATURE_REGION_LENGTH__ = DEFINED (__SIGNATURE_REGION_LENGTH__)?__SIGNATURE_REGION_LENGTH__:0x400
                0x0000000000000400                __USER_SIGNATURE_REGION_LENGTH__ = DEFINED (__USER_SIGNATURE_REGION_LENGTH__)?__USER_SIGNATURE_REGION_LENGTH__:0x400
                0x0000000000008000                __RODATA_PM_OFFSET__ = DEFINED (__RODATA_PM_OFFSET__)?__RODATA_PM_OFFSET__:0x8000

.hash
 *(.hash)

.dynsym
 *(.dynsym)

.dynstr
 *(.dynstr)

.gnu.version
 *(.gnu.version)

.gnu.version_d
 *(.gnu.version_d)

.gnu.version_r
 *(.gnu.version_r)

.rel.init
 *(.rel.init)

.rela.init
 *(.rela.init)

.rel.text
 *(.rel.text)
 *(.rel.text.*)
 *(.rel.gnu.linkonce.t*)

.rela.text
 *(.rela.text)
 *(.rela.text.*)
 *(.rela.gnu.linkonce.t*)

.rel.fini
 *(.rel.fini)

.rela.fini
 *(.rela.fini)

.rel.rodata
 *(.rel.rodata)
 *(.rel.rodata.*)
 *(.rel.gnu.linkonce.r*)

.rela.rodata
 *(.rela.rodata)
 *(.rela.rodata.*)
 *(.rela.gnu.linkonce.r*)

.rel.data
 *(.rel.data)
 *(.rel.data.*)
 *(.rel.gnu.linkonce.d*)

.rela.data
 *(.rela.data)
 *(.rela.data.*)
 *(.rela.gnu.linkonce.d*)

.rel.ctors
 *(.rel.ctors)

.rela.ctors
 *(.rela.ctors)

.rel.dtors
 *(.rel.dtors)

.rela.dtors
 *(.rela.dtors)

.rel.got
 *(.rel.got)

.rela.got
 *(.rela.got)

.rel.bss
 *(.rel.bss)

.rela.bss
 *(.rela.bss)

.rel.plt
 *(.rel.plt)

.rela.plt
 *(.rela.plt)

.text           0x0000000000000000      0x192
 *(.vectors)
 .vectors       0x0000000000000000       0x90 /opt/microchip/xc8/v2.31/dfp/xc8/avr/lib/avrxmega3/crtatmega4808.o
                0x0000000000000000                __vectors
                0x0000000000000000                __vector_default
 *(.vectors)
 *(.progmem.gcc*)
 *(.dinit)
 .dinit         0x0000000000000090       0xad data_init
                0x000000000000013e                . = ALIGN (0x2)
 *fill*         0x000000000000013d        0x1 
                0x000000000000013e                __trampolines_start = .
 *(.trampolines)
 .trampolines   0x000000000000013e        0x0 linker stubs
 *(.trampolines*)
                0x000000000000013e                __trampolines_end = .
 *libprintf_flt.a:*(.progmem.data)
 *libc.a:*(.progmem.data)
                0x000000000000013e                . = ALIGN (0x2)
 *(.jumptables)
 *(.jumptables*)
 *(.lowtext)
 *(.lowtext*)
                0x000000000000013e                __ctors_start = .
 *(.ctors)
                0x000000000000013e                __ctors_end = .
                0x000000000000013e                __dtors_start = .
 *(.dtors)
                0x000000000000013e                __dtors_end = .
 SORT(*)(.ctors)
 SORT(*)(.dtors)
 *(.init0)
 .init0         0x000000000000013e        0x0 /opt/microchip/xc8/v2.31/dfp/xc8/avr/lib/avrxmega3/crtatmega4808.o
                0x000000000000013e                __init
 *(.init0)
 *(.init1)
 *(.init1)
 *(.init2)
 .init2         0x000000000000013e        0xc /opt/microchip/xc8/v2.31/dfp/xc8/avr/lib/avrxmega3/crtatmega4808.o
 *(.init2)
 *(.init3)
 *(.init3)
 *(.init4)
 .init4         0x000000000000014a       0x3c /opt/microchip/xc8/v2.31/avr/bin/../lib/gcc/avr/5.4.0/avrxmega3/libgcc.a(_copy_data.o)
                0x000000000000014a                __do_copy_data
                0x0000000000000178                __do_clear_bss
 *(.init4)
 *(.init5)
 *(.init5)
 *(.init6)
 *(.init6)
 *(.init7)
 *(.init7)
 *(.init8)
 *(.init8)
 *(.init9)
 .init9         0x0000000000000186        0x8 /opt/microchip/xc8/v2.31/dfp/xc8/avr/lib/avrxmega3/crtatmega4808.o
 *(.init9)
                0x000000000000018e                . = ALIGN (0x2)
 *(.fini9)
 .fini9         0x000000000000018e        0x0 /opt/microchip/xc8/v2.31/avr/bin/../lib/gcc/avr/5.4.0/avrxmega3/libgcc.a(_exit.o)
                0x000000000000018e                exit
                0x000000000000018e                _exit
 *(.fini9)
 *(.fini8)
 *(.fini8)
 *(.fini7)
 *(.fini7)
 *(.fini6)
 *(.fini6)
 *(.fini5)
 *(.fini5)
 *(.fini4)
 *(.fini4)
 *(.fini3)
 *(.fini3)
 *(.fini2)
 *(.fini2)
 *(.fini1)
 *(.fini1)
 *(.fini0)
 .fini0         0x000000000000018e        0x4 /opt/microchip/xc8/v2.31/avr/bin/../lib/gcc/avr/5.4.0/avrxmega3/libgcc.a(_exit.o)
 *(.fini0)
                0x0000000000000192                _etext = .

.data           0x0000000000802800        0x0 load address 0x0000000000000192
                [!provide]                        PROVIDE (__data_start, .)
 *(.gnu.linkonce.d*)
                0x0000000000802800                . = ALIGN (0x2)
                0x0000000000802800                _edata = .
                [!provide]                        PROVIDE (__data_end, .)

.bss            0x0000000000802800      0x38c
                [!provide]                        PROVIDE (__bss_start, .)
 *(COMMON)
 COMMON         0x0000000000802800        0x9 build/GOOGLE_IOT/production/mcc_generated_files/cloud/crypto_client/crypto_client.o
                0x0000000000802800                g_serial_number
 COMMON         0x0000000000802809       0x10 build/GOOGLE_IOT/production/mcc_generated_files/cloud/cloud_service.o
                0x0000000000802809                cloudStatus
                0x000000000080280a                mqttBrokerIP
                0x000000000080280e                shared_networking_params
                0x000000000080280f                cloud_packetReceiveCallBackTable
 COMMON         0x0000000000802819        0x2 build/GOOGLE_IOT/production/mcc_generated_files/cloud/wifi_service.o
                0x0000000000802819                callback_funcPtr
 COMMON         0x000000000080281b       0x64 build/GOOGLE_IOT/production/mcc_generated_files/cloud/mqtt_service.o
                0x000000000080281b                cid
 COMMON         0x000000000080287f      0x1ea build/GOOGLE_IOT/production/mcc_generated_files/cloud/google_cloud_service.o
                0x000000000080287f                mqttPassword
                0x0000000000802a47                imqtt_publishReceiveCallBackTable
                0x0000000000802a4b                deviceId
 COMMON         0x0000000000802a69       0x78 build/GOOGLE_IOT/production/mcc_generated_files/credentials_storage/credentials_storage.o
                0x0000000000802a69                ssid
                0x0000000000802a8a                pass
                0x0000000000802acb                ntpServerName
                0x0000000000802adf                authType
 COMMON         0x0000000000802ae1       0x1b build/GOOGLE_IOT/production/mcc_generated_files/CryptoAuthenticationLibrary/basic/atca_basic.o
                0x0000000000802ae1                g_atcab_device
                0x0000000000802ae5                g_atcab_iface
                0x0000000000802af8                g_atcab_command
 COMMON         0x0000000000802afc        0x2 build/GOOGLE_IOT/production/mcc_generated_files/mqtt/mqtt_packetTransfer_interface.o
                0x0000000000802afc                publishRecvCallback
 COMMON         0x0000000000802afe       0x65 build/GOOGLE_IOT/production/mcc_generated_files/application_manager.o
                0x0000000000802afe                mqttSubscribeTopic
                0x0000000000802b62                retValCryptoClientSerialNumber
 COMMON         0x0000000000802b63       0x19 build/GOOGLE_IOT/production/GPS.o
                0x0000000000802b63                location
 COMMON         0x0000000000802b7c        0x6 /opt/microchip/xc8/v2.31/avr/bin/../lib/gcc/avr/5.4.0/../../../../avr/lib/avrxmega3/libc.a(iob.o)
                0x0000000000802b7c                __iob
 COMMON         0x0000000000802b82        0x4 /opt/microchip/xc8/v2.31/avr/bin/../lib/gcc/avr/5.4.0/../../../../avr/lib/avrxmega3/libc.a(system_time.o)
                0x0000000000802b82                __system_time
 COMMON         0x0000000000802b86        0x4 /opt/microchip/xc8/v2.31/avr/bin/../lib/gcc/avr/5.4.0/../../../../avr/lib/avrxmega3/libc.a(utc_offset.o)
                0x0000000000802b86                __utc_offset
 COMMON         0x0000000000802b8a        0x2 /opt/microchip/xc8/v2.31/avr/bin/../lib/gcc/avr/5.4.0/../../../../avr/lib/avrxmega3/libc.a(dst_pointer.o)
                0x0000000000802b8a                __dst_ptr
                [!provide]                        PROVIDE (__bss_end, .)
                0x0000000000000192                __data_load_start = LOADADDR (.data)
                0x0000000000000192                __data_load_end = (__data_load_start + SIZEOF (.data))

.noinit         0x0000000000802b8c        0x0
                [!provide]                        PROVIDE (__noinit_start, .)
 *(.noinit*)
                [!provide]                        PROVIDE (__noinit_end, .)
                0x0000000000802b8c                _end = .

.eeprom         0x0000000000810000        0x0
 *(.eeprom*)
                0x0000000000810000                __eeprom_end = .

.fuse           0x0000000000820000        0x9
 *(.fuse)
 .fuse          0x0000000000820000        0x9 build/GOOGLE_IOT/production/mcc_generated_files/device_config.o
                0x0000000000820000                __fuse
 *(.lfuse)
 *(.hfuse)
 *(.efuse)

.lock
 *(.lock*)

.signature
 *(.signature*)

.user_signatures
 *(.user_signatures*)

.stab
 *(.stab)

.stabstr
 *(.stabstr)

.stab.excl
 *(.stab.excl)

.stab.exclstr
 *(.stab.exclstr)

.stab.index
 *(.stab.index)

.stab.indexstr
 *(.stab.indexstr)

.comment        0x0000000000000000       0x5b
 *(.comment)
 .comment       0x0000000000000000       0x2f build/GOOGLE_IOT/production/mcc_generated_files/cli/cli.o
                                         0x30 (size before relaxing)
 .comment       0x000000000000002f       0x30 build/GOOGLE_IOT/production/mcc_generated_files/cloud/crypto_client/crypto_client.o
 .comment       0x000000000000002f       0x30 build/GOOGLE_IOT/production/mcc_generated_files/cloud/cloud_service.o
 .comment       0x000000000000002f       0x30 build/GOOGLE_IOT/production/mcc_generated_files/cloud/wifi_service.o
 .comment       0x000000000000002f       0x30 build/GOOGLE_IOT/production/mcc_generated_files/cloud/mqtt_service.o
 .comment       0x000000000000002f       0x30 build/GOOGLE_IOT/production/mcc_generated_files/cloud/google_cloud_service.o
 .comment       0x000000000000002f       0x30 build/GOOGLE_IOT/production/mcc_generated_files/credentials_storage/credentials_storage.o
 .comment       0x000000000000002f       0x30 build/GOOGLE_IOT/production/mcc_generated_files/CryptoAuthenticationLibrary/basic/atca_basic.o
 .comment       0x000000000000002f       0x30 build/GOOGLE_IOT/production/mcc_generated_files/CryptoAuthenticationLibrary/basic/atca_basic_genkey.o
 .comment       0x000000000000002f       0x30 build/GOOGLE_IOT/production/mcc_generated_files/CryptoAuthenticationLibrary/basic/atca_basic_lock.o
 .comment       0x000000000000002f       0x30 build/GOOGLE_IOT/production/mcc_generated_files/CryptoAuthenticationLibrary/basic/atca_basic_nonce.o
 .comment       0x000000000000002f       0x30 build/GOOGLE_IOT/production/mcc_generated_files/CryptoAuthenticationLibrary/basic/atca_basic_random.o
 .comment       0x000000000000002f       0x30 build/GOOGLE_IOT/production/mcc_generated_files/CryptoAuthenticationLibrary/basic/atca_basic_read.o
 .comment       0x000000000000002f       0x30 build/GOOGLE_IOT/production/mcc_generated_files/CryptoAuthenticationLibrary/basic/atca_basic_sign.o
 .comment       0x000000000000002f       0x30 build/GOOGLE_IOT/production/mcc_generated_files/CryptoAuthenticationLibrary/basic/atca_helpers.o
 .comment       0x000000000000002f       0x30 build/GOOGLE_IOT/production/mcc_generated_files/CryptoAuthenticationLibrary/crypto/hashes/sha2_routines.o
 .comment       0x000000000000002f       0x30 build/GOOGLE_IOT/production/mcc_generated_files/CryptoAuthenticationLibrary/crypto/atca_crypto_sw_sha2.o
 .comment       0x000000000000002f       0x30 build/GOOGLE_IOT/production/mcc_generated_files/CryptoAuthenticationLibrary/hal/atca_hal.o
 .comment       0x000000000000002f       0x30 build/GOOGLE_IOT/production/mcc_generated_files/CryptoAuthenticationLibrary/hal/atca_i2c_hal.o
 .comment       0x000000000000002f       0x30 build/GOOGLE_IOT/production/mcc_generated_files/CryptoAuthenticationLibrary/hal/hal_i2c_timer.o
 .comment       0x000000000000002f       0x30 build/GOOGLE_IOT/production/mcc_generated_files/CryptoAuthenticationLibrary/jwt/atca_jwt.o
 .comment       0x000000000000002f       0x30 build/GOOGLE_IOT/production/mcc_generated_files/CryptoAuthenticationLibrary/atca_command.o
 .comment       0x000000000000002f       0x30 build/GOOGLE_IOT/production/mcc_generated_files/CryptoAuthenticationLibrary/atca_device.o
 .comment       0x000000000000002f       0x30 build/GOOGLE_IOT/production/mcc_generated_files/CryptoAuthenticationLibrary/atca_execution.o
 .comment       0x000000000000002f       0x30 build/GOOGLE_IOT/production/mcc_generated_files/CryptoAuthenticationLibrary/atca_iface.o
 .comment       0x000000000000002f       0x30 build/GOOGLE_IOT/production/mcc_generated_files/drivers/spi_master.o
 .comment       0x000000000000002f       0x30 build/GOOGLE_IOT/production/mcc_generated_files/drivers/timeout.o
 .comment       0x000000000000002f       0x30 build/GOOGLE_IOT/production/mcc_generated_files/drivers/i2c_simple_master.o
 .comment       0x000000000000002f       0x30 build/GOOGLE_IOT/production/mcc_generated_files/drivers/uart.o
 .comment       0x000000000000002f       0x30 build/GOOGLE_IOT/production/mcc_generated_files/mqtt/mqtt_comm_bsd/mqtt_comm_layer.o
 .comment       0x000000000000002f       0x30 build/GOOGLE_IOT/production/mcc_generated_files/mqtt/mqtt_core/mqtt_core.o
 .comment       0x000000000000002f       0x30 build/GOOGLE_IOT/production/mcc_generated_files/mqtt/mqtt_exchange_buffer/mqtt_exchange_buffer.o
 .comment       0x000000000000002f       0x30 build/GOOGLE_IOT/production/mcc_generated_files/mqtt/mqtt_packetTransfer_interface.o
 .comment       0x000000000000002f       0x30 build/GOOGLE_IOT/production/mcc_generated_files/mqtt/mqtt_winc_adapter.o
 .comment       0x000000000000002f       0x30 build/GOOGLE_IOT/production/mcc_generated_files/src/pin_manager.o
 .comment       0x000000000000002f       0x30 build/GOOGLE_IOT/production/mcc_generated_files/src/cpuint.o
 .comment       0x000000000000002f       0x30 build/GOOGLE_IOT/production/mcc_generated_files/src/spi0.o
 .comment       0x000000000000002f       0x30 build/GOOGLE_IOT/production/mcc_generated_files/src/rtc.o
 .comment       0x000000000000002f       0x30 build/GOOGLE_IOT/production/mcc_generated_files/src/twi0_master.o
 .comment       0x000000000000002f       0x30 build/GOOGLE_IOT/production/mcc_generated_files/src/adc0.o
 .comment       0x000000000000002f       0x30 build/GOOGLE_IOT/production/mcc_generated_files/src/usart2.o
 .comment       0x000000000000002f       0x30 build/GOOGLE_IOT/production/usart1.o
 .comment       0x000000000000002f       0x30 build/GOOGLE_IOT/production/mcc_generated_files/winc/driver/winc_spi.o
 .comment       0x000000000000002f       0x30 build/GOOGLE_IOT/production/mcc_generated_files/winc/driver/winc_adapter.o
 .comment       0x000000000000002f       0x30 build/GOOGLE_IOT/production/mcc_generated_files/winc/driver/winc_hif.o
 .comment       0x000000000000002f       0x30 build/GOOGLE_IOT/production/mcc_generated_files/winc/driver/winc_asic.o
 .comment       0x000000000000002f       0x30 build/GOOGLE_IOT/production/mcc_generated_files/winc/driver/winc_drv.o
 .comment       0x000000000000002f       0x30 build/GOOGLE_IOT/production/mcc_generated_files/winc/m2m/m2m_ssl.o
 .comment       0x000000000000002f       0x30 build/GOOGLE_IOT/production/mcc_generated_files/winc/m2m/m2m_wifi.o
 .comment       0x000000000000002f       0x30 build/GOOGLE_IOT/production/mcc_generated_files/winc/m2m/m2m_fwinfo.o
 .comment       0x000000000000002f       0x30 build/GOOGLE_IOT/production/mcc_generated_files/winc/socket/socket.o
 .comment       0x000000000000002f       0x30 build/GOOGLE_IOT/production/mcc_generated_files/mcc.o
 .comment       0x000000000000002f       0x30 build/GOOGLE_IOT/production/mcc_generated_files/delay.o
 .comment       0x000000000000002f       0x30 build/GOOGLE_IOT/production/mcc_generated_files/device_config.o
 .comment       0x000000000000002f       0x30 build/GOOGLE_IOT/production/mcc_generated_files/application_manager.o
 .comment       0x000000000000002f       0x30 build/GOOGLE_IOT/production/mcc_generated_files/debug_print.o
 .comment       0x000000000000002f       0x30 build/GOOGLE_IOT/production/mcc_generated_files/led.o
 .comment       0x000000000000002f       0x30 build/GOOGLE_IOT/production/mcc_generated_files/sensors_handling.o
 .comment       0x000000000000002f       0x30 build/GOOGLE_IOT/production/mcc_generated_files/time_service.o
 .comment       0x000000000000002f       0x30 build/GOOGLE_IOT/production/mcc_generated_files/CryptoAuth_init.o
 .comment       0x000000000000002f       0x30 build/GOOGLE_IOT/production/main.o
 .comment       0x000000000000002f       0x30 build/GOOGLE_IOT/production/GPS.o
 .comment       0x000000000000002f       0x2c /opt/microchip/xc8/v2.31/avr/bin/../lib/gcc/avr/5.4.0/../../../../avr/lib/avrxmega3/libc.a(atoi_M.o)
                                         0x2d (size before relaxing)
 .comment       0x000000000000005b       0x2d /opt/microchip/xc8/v2.31/avr/bin/../lib/gcc/avr/5.4.0/../../../../avr/lib/avrxmega3/libc.a(strtok.o)
 .comment       0x000000000000005b       0x2d /opt/microchip/xc8/v2.31/avr/bin/../lib/gcc/avr/5.4.0/../../../../avr/lib/avrxmega3/libc.a(iob.o)
 .comment       0x000000000000005b       0x2d /opt/microchip/xc8/v2.31/avr/bin/../lib/gcc/avr/5.4.0/../../../../avr/lib/avrxmega3/libc.a(printf.o)
 .comment       0x000000000000005b       0x2d /opt/microchip/xc8/v2.31/avr/bin/../lib/gcc/avr/5.4.0/../../../../avr/lib/avrxmega3/libc.a(putchar.o)
 .comment       0x000000000000005b       0x2d /opt/microchip/xc8/v2.31/avr/bin/../lib/gcc/avr/5.4.0/../../../../avr/lib/avrxmega3/libc.a(puts.o)
 .comment       0x000000000000005b       0x2d /opt/microchip/xc8/v2.31/avr/bin/../lib/gcc/avr/5.4.0/../../../../avr/lib/avrxmega3/libc.a(snprintf.o)
 .comment       0x000000000000005b       0x2d /opt/microchip/xc8/v2.31/avr/bin/../lib/gcc/avr/5.4.0/../../../../avr/lib/avrxmega3/libc.a(sprintf.o)
 .comment       0x000000000000005b       0x2d /opt/microchip/xc8/v2.31/avr/bin/../lib/gcc/avr/5.4.0/../../../../avr/lib/avrxmega3/libc.a(vprintf.o)
 .comment       0x000000000000005b       0x2d /opt/microchip/xc8/v2.31/avr/bin/../lib/gcc/avr/5.4.0/../../../../avr/lib/avrxmega3/libc.a(difftime.o)
 .comment       0x000000000000005b       0x2d /opt/microchip/xc8/v2.31/avr/bin/../lib/gcc/avr/5.4.0/../../../../avr/lib/avrxmega3/libc.a(localtime_r.o)
 .comment       0x000000000000005b       0x2d /opt/microchip/xc8/v2.31/avr/bin/../lib/gcc/avr/5.4.0/../../../../avr/lib/avrxmega3/libc.a(mktime.o)
 .comment       0x000000000000005b       0x2d /opt/microchip/xc8/v2.31/avr/bin/../lib/gcc/avr/5.4.0/../../../../avr/lib/avrxmega3/libc.a(set_system_time.o)
 .comment       0x000000000000005b       0x2d /opt/microchip/xc8/v2.31/avr/bin/../lib/gcc/avr/5.4.0/../../../../avr/lib/avrxmega3/libc.a(system_time.o)
 .comment       0x000000000000005b       0x2d /opt/microchip/xc8/v2.31/avr/bin/../lib/gcc/avr/5.4.0/../../../../avr/lib/avrxmega3/libc.a(utc_offset.o)
 .comment       0x000000000000005b       0x2d /opt/microchip/xc8/v2.31/avr/bin/../lib/gcc/avr/5.4.0/../../../../avr/lib/avrxmega3/libc.a(vfprintf_std.o)
 .comment       0x000000000000005b       0x2d /opt/microchip/xc8/v2.31/avr/bin/../lib/gcc/avr/5.4.0/../../../../avr/lib/avrxmega3/libc.a(fputc.o)
 .comment       0x000000000000005b       0x2d /opt/microchip/xc8/v2.31/avr/bin/../lib/gcc/avr/5.4.0/../../../../avr/lib/avrxmega3/libc.a(dst_pointer.o)
 .comment       0x000000000000005b       0x2d /opt/microchip/xc8/v2.31/avr/bin/../lib/gcc/avr/5.4.0/../../../../avr/lib/avrxmega3/libc.a(gmtime_r.o)
 .comment       0x000000000000005b       0x2d /opt/microchip/xc8/v2.31/avr/bin/../lib/gcc/avr/5.4.0/../../../../avr/lib/avrxmega3/libc.a(mk_gmtime.o)
 .comment       0x000000000000005b       0x2d /opt/microchip/xc8/v2.31/avr/bin/../lib/gcc/avr/5.4.0/../../../../avr/lib/avrxmega3/libc.a(isLeap.o)

.note.gnu.build-id
 *(.note.gnu.build-id)

.debug
 *(.debug)

.line
 *(.line)

.debug_srcinfo
 *(.debug_srcinfo)

.debug_sfnames
 *(.debug_sfnames)

.debug_aranges  0x0000000000000000     0x1a30
 *(.debug_aranges)
 .debug_aranges
                0x0000000000000000       0x70 build/GOOGLE_IOT/production/mcc_generated_files/cli/cli.o
 .debug_aranges
                0x0000000000000070       0x30 build/GOOGLE_IOT/production/mcc_generated_files/cloud/crypto_client/crypto_client.o
 .debug_aranges
                0x00000000000000a0       0x68 build/GOOGLE_IOT/production/mcc_generated_files/cloud/cloud_service.o
 .debug_aranges
                0x0000000000000108       0x68 build/GOOGLE_IOT/production/mcc_generated_files/cloud/wifi_service.o
 .debug_aranges
                0x0000000000000170       0x50 build/GOOGLE_IOT/production/mcc_generated_files/cloud/mqtt_service.o
 .debug_aranges
                0x00000000000001c0       0x58 build/GOOGLE_IOT/production/mcc_generated_files/cloud/google_cloud_service.o
 .debug_aranges
                0x0000000000000218       0x20 build/GOOGLE_IOT/production/mcc_generated_files/credentials_storage/credentials_storage.o
 .debug_aranges
                0x0000000000000238       0x78 build/GOOGLE_IOT/production/mcc_generated_files/CryptoAuthenticationLibrary/basic/atca_basic.o
 .debug_aranges
                0x00000000000002b0       0x30 build/GOOGLE_IOT/production/mcc_generated_files/CryptoAuthenticationLibrary/basic/atca_basic_genkey.o
 .debug_aranges
                0x00000000000002e0       0x48 build/GOOGLE_IOT/production/mcc_generated_files/CryptoAuthenticationLibrary/basic/atca_basic_lock.o
 .debug_aranges
                0x0000000000000328       0x38 build/GOOGLE_IOT/production/mcc_generated_files/CryptoAuthenticationLibrary/basic/atca_basic_nonce.o
 .debug_aranges
                0x0000000000000360       0x20 build/GOOGLE_IOT/production/mcc_generated_files/CryptoAuthenticationLibrary/basic/atca_basic_random.o
 .debug_aranges
                0x0000000000000380       0x68 build/GOOGLE_IOT/production/mcc_generated_files/CryptoAuthenticationLibrary/basic/atca_basic_read.o
 .debug_aranges
                0x00000000000003e8       0x30 build/GOOGLE_IOT/production/mcc_generated_files/CryptoAuthenticationLibrary/basic/atca_basic_sign.o
 .debug_aranges
                0x0000000000000418       0xe0 build/GOOGLE_IOT/production/mcc_generated_files/CryptoAuthenticationLibrary/basic/atca_helpers.o
 .debug_aranges
                0x00000000000004f8       0x40 build/GOOGLE_IOT/production/mcc_generated_files/CryptoAuthenticationLibrary/crypto/hashes/sha2_routines.o
 .debug_aranges
                0x0000000000000538       0x38 build/GOOGLE_IOT/production/mcc_generated_files/CryptoAuthenticationLibrary/crypto/atca_crypto_sw_sha2.o
 .debug_aranges
                0x0000000000000570       0x30 build/GOOGLE_IOT/production/mcc_generated_files/CryptoAuthenticationLibrary/hal/atca_hal.o
 .debug_aranges
                0x00000000000005a0       0x60 build/GOOGLE_IOT/production/mcc_generated_files/CryptoAuthenticationLibrary/hal/atca_i2c_hal.o
 .debug_aranges
                0x0000000000000600       0x28 build/GOOGLE_IOT/production/mcc_generated_files/CryptoAuthenticationLibrary/hal/hal_i2c_timer.o
 .debug_aranges
                0x0000000000000628       0x48 build/GOOGLE_IOT/production/mcc_generated_files/CryptoAuthenticationLibrary/jwt/atca_jwt.o
 .debug_aranges
                0x0000000000000670      0x110 build/GOOGLE_IOT/production/mcc_generated_files/CryptoAuthenticationLibrary/atca_command.o
 .debug_aranges
                0x0000000000000780       0x38 build/GOOGLE_IOT/production/mcc_generated_files/CryptoAuthenticationLibrary/atca_device.o
 .debug_aranges
                0x00000000000007b8       0x28 build/GOOGLE_IOT/production/mcc_generated_files/CryptoAuthenticationLibrary/atca_execution.o
 .debug_aranges
                0x00000000000007e0       0x70 build/GOOGLE_IOT/production/mcc_generated_files/CryptoAuthenticationLibrary/atca_iface.o
 .debug_aranges
                0x0000000000000850       0x28 build/GOOGLE_IOT/production/mcc_generated_files/drivers/spi_master.o
 .debug_aranges
                0x0000000000000878       0xc0 build/GOOGLE_IOT/production/mcc_generated_files/drivers/timeout.o
 .debug_aranges
                0x0000000000000938       0x78 build/GOOGLE_IOT/production/mcc_generated_files/drivers/i2c_simple_master.o
 .debug_aranges
                0x00000000000009b0       0x18 build/GOOGLE_IOT/production/mcc_generated_files/drivers/uart.o
 .debug_aranges
                0x00000000000009c8       0x48 build/GOOGLE_IOT/production/mcc_generated_files/mqtt/mqtt_comm_bsd/mqtt_comm_layer.o
 .debug_aranges
                0x0000000000000a10       0xa8 build/GOOGLE_IOT/production/mcc_generated_files/mqtt/mqtt_core/mqtt_core.o
 .debug_aranges
                0x0000000000000ab8       0x38 build/GOOGLE_IOT/production/mcc_generated_files/mqtt/mqtt_exchange_buffer/mqtt_exchange_buffer.o
 .debug_aranges
                0x0000000000000af0       0x28 build/GOOGLE_IOT/production/mcc_generated_files/mqtt/mqtt_packetTransfer_interface.o
 .debug_aranges
                0x0000000000000b18       0xc8 build/GOOGLE_IOT/production/mcc_generated_files/mqtt/mqtt_winc_adapter.o
 .debug_aranges
                0x0000000000000be0       0xd0 build/GOOGLE_IOT/production/mcc_generated_files/src/pin_manager.o
 .debug_aranges
                0x0000000000000cb0       0x20 build/GOOGLE_IOT/production/mcc_generated_files/src/cpuint.o
 .debug_aranges
                0x0000000000000cd0       0x90 build/GOOGLE_IOT/production/mcc_generated_files/src/spi0.o
 .debug_aranges
                0x0000000000000d60       0x20 build/GOOGLE_IOT/production/mcc_generated_files/src/protected_io.o
 .debug_aranges
                0x0000000000000d80       0x90 build/GOOGLE_IOT/production/mcc_generated_files/src/rtc.o
 .debug_aranges
                0x0000000000000e10      0x1c8 build/GOOGLE_IOT/production/mcc_generated_files/src/twi0_master.o
 .debug_aranges
                0x0000000000000fd8       0xa8 build/GOOGLE_IOT/production/mcc_generated_files/src/adc0.o
 .debug_aranges
                0x0000000000001080       0xc0 build/GOOGLE_IOT/production/mcc_generated_files/src/usart2.o
 .debug_aranges
                0x0000000000001140       0x78 build/GOOGLE_IOT/production/usart1.o
 .debug_aranges
                0x00000000000011b8       0xa8 build/GOOGLE_IOT/production/mcc_generated_files/winc/driver/winc_spi.o
 .debug_aranges
                0x0000000000001260       0x78 build/GOOGLE_IOT/production/mcc_generated_files/winc/driver/winc_adapter.o
 .debug_aranges
                0x00000000000012d8       0x68 build/GOOGLE_IOT/production/mcc_generated_files/winc/driver/winc_hif.o
 .debug_aranges
                0x0000000000001340       0x70 build/GOOGLE_IOT/production/mcc_generated_files/winc/driver/winc_asic.o
 .debug_aranges
                0x00000000000013b0       0x30 build/GOOGLE_IOT/production/mcc_generated_files/winc/driver/winc_drv.o
 .debug_aranges
                0x00000000000013e0       0x60 build/GOOGLE_IOT/production/mcc_generated_files/winc/m2m/m2m_ssl.o
 .debug_aranges
                0x0000000000001440      0x240 build/GOOGLE_IOT/production/mcc_generated_files/winc/m2m/m2m_wifi.o
 .debug_aranges
                0x0000000000001680       0x28 build/GOOGLE_IOT/production/mcc_generated_files/winc/m2m/m2m_fwinfo.o
 .debug_aranges
                0x00000000000016a8       0xd8 build/GOOGLE_IOT/production/mcc_generated_files/winc/socket/socket.o
 .debug_aranges
                0x0000000000001780       0x48 build/GOOGLE_IOT/production/mcc_generated_files/mcc.o
 .debug_aranges
                0x00000000000017c8       0x28 build/GOOGLE_IOT/production/mcc_generated_files/delay.o
 .debug_aranges
                0x00000000000017f0       0x18 build/GOOGLE_IOT/production/mcc_generated_files/device_config.o
 .debug_aranges
                0x0000000000001808       0x50 build/GOOGLE_IOT/production/mcc_generated_files/application_manager.o
 .debug_aranges
                0x0000000000001858       0x38 build/GOOGLE_IOT/production/mcc_generated_files/debug_print.o
 .debug_aranges
                0x0000000000001890       0x68 build/GOOGLE_IOT/production/mcc_generated_files/led.o
 .debug_aranges
                0x00000000000018f8       0x28 build/GOOGLE_IOT/production/mcc_generated_files/sensors_handling.o
 .debug_aranges
                0x0000000000001920       0x70 build/GOOGLE_IOT/production/mcc_generated_files/time_service.o
 .debug_aranges
                0x0000000000001990       0x20 build/GOOGLE_IOT/production/mcc_generated_files/CryptoAuth_init.o
 .debug_aranges
                0x00000000000019b0       0x20 build/GOOGLE_IOT/production/main.o
 .debug_aranges
                0x00000000000019d0       0x20 build/GOOGLE_IOT/production/GPS.o
 .debug_aranges
                0x00000000000019f0       0x20 /opt/microchip/xc8/v2.31/dfp/xc8/avr/lib/avrxmega3/libatmega4808.a(eewr_word.o)
 .debug_aranges
                0x0000000000001a10       0x20 /opt/microchip/xc8/v2.31/dfp/xc8/avr/lib/avrxmega3/libatmega4808.a(eewr_byte.o)

.debug_pubnames
 *(.debug_pubnames)

.debug_info     0x0000000000000000    0x3bb07
 *(.debug_info .gnu.linkonce.wi.*)
 .debug_info    0x0000000000000000     0x229c /opt/microchip/xc8/v2.31/dfp/xc8/avr/lib/avrxmega3/crtatmega4808.o
 .debug_info    0x000000000000229c     0x132f build/GOOGLE_IOT/production/mcc_generated_files/cli/cli.o
 .debug_info    0x00000000000035cb      0xee2 build/GOOGLE_IOT/production/mcc_generated_files/cloud/crypto_client/crypto_client.o
 .debug_info    0x00000000000044ad     0x1876 build/GOOGLE_IOT/production/mcc_generated_files/cloud/cloud_service.o
 .debug_info    0x0000000000005d23     0x1c68 build/GOOGLE_IOT/production/mcc_generated_files/cloud/wifi_service.o
 .debug_info    0x000000000000798b      0xce7 build/GOOGLE_IOT/production/mcc_generated_files/cloud/mqtt_service.o
 .debug_info    0x0000000000008672     0x1113 build/GOOGLE_IOT/production/mcc_generated_files/cloud/google_cloud_service.o
 .debug_info    0x0000000000009785      0x330 build/GOOGLE_IOT/production/mcc_generated_files/credentials_storage/credentials_storage.o
 .debug_info    0x0000000000009ab5     0x1291 build/GOOGLE_IOT/production/mcc_generated_files/CryptoAuthenticationLibrary/basic/atca_basic.o
 .debug_info    0x000000000000ad46      0xeb2 build/GOOGLE_IOT/production/mcc_generated_files/CryptoAuthenticationLibrary/basic/atca_basic_genkey.o
 .debug_info    0x000000000000bbf8      0xf30 build/GOOGLE_IOT/production/mcc_generated_files/CryptoAuthenticationLibrary/basic/atca_basic_lock.o
 .debug_info    0x000000000000cb28      0xfb5 build/GOOGLE_IOT/production/mcc_generated_files/CryptoAuthenticationLibrary/basic/atca_basic_nonce.o
 .debug_info    0x000000000000dadd      0xd82 build/GOOGLE_IOT/production/mcc_generated_files/CryptoAuthenticationLibrary/basic/atca_basic_random.o
 .debug_info    0x000000000000e85f     0x1c21 build/GOOGLE_IOT/production/mcc_generated_files/CryptoAuthenticationLibrary/basic/atca_basic_read.o
 .debug_info    0x0000000000010480      0xf71 build/GOOGLE_IOT/production/mcc_generated_files/CryptoAuthenticationLibrary/basic/atca_basic_sign.o
 .debug_info    0x00000000000113f1     0x1af7 build/GOOGLE_IOT/production/mcc_generated_files/CryptoAuthenticationLibrary/basic/atca_helpers.o
 .debug_info    0x0000000000012ee8      0x80b build/GOOGLE_IOT/production/mcc_generated_files/CryptoAuthenticationLibrary/crypto/hashes/sha2_routines.o
 .debug_info    0x00000000000136f3      0x926 build/GOOGLE_IOT/production/mcc_generated_files/CryptoAuthenticationLibrary/crypto/atca_crypto_sw_sha2.o
 .debug_info    0x0000000000014019      0xdd0 build/GOOGLE_IOT/production/mcc_generated_files/CryptoAuthenticationLibrary/hal/atca_hal.o
 .debug_info    0x0000000000014de9     0x1020 build/GOOGLE_IOT/production/mcc_generated_files/CryptoAuthenticationLibrary/hal/atca_i2c_hal.o
 .debug_info    0x0000000000015e09      0x3a0 build/GOOGLE_IOT/production/mcc_generated_files/CryptoAuthenticationLibrary/hal/hal_i2c_timer.o
 .debug_info    0x00000000000161a9      0xbe6 build/GOOGLE_IOT/production/mcc_generated_files/CryptoAuthenticationLibrary/jwt/atca_jwt.o
 .debug_info    0x0000000000016d8f     0x1433 build/GOOGLE_IOT/production/mcc_generated_files/CryptoAuthenticationLibrary/atca_command.o
 .debug_info    0x00000000000181c2      0xd5e build/GOOGLE_IOT/production/mcc_generated_files/CryptoAuthenticationLibrary/atca_device.o
 .debug_info    0x0000000000018f20     0x1066 build/GOOGLE_IOT/production/mcc_generated_files/CryptoAuthenticationLibrary/atca_execution.o
 .debug_info    0x0000000000019f86     0x1060 build/GOOGLE_IOT/production/mcc_generated_files/CryptoAuthenticationLibrary/atca_iface.o
 .debug_info    0x000000000001afe6      0x4d4 build/GOOGLE_IOT/production/mcc_generated_files/drivers/spi_master.o
 .debug_info    0x000000000001b4ba      0xf72 build/GOOGLE_IOT/production/mcc_generated_files/drivers/timeout.o
 .debug_info    0x000000000001c42c      0xc19 build/GOOGLE_IOT/production/mcc_generated_files/drivers/i2c_simple_master.o
 .debug_info    0x000000000001d045      0x388 build/GOOGLE_IOT/production/mcc_generated_files/drivers/uart.o
 .debug_info    0x000000000001d3cd      0x619 build/GOOGLE_IOT/production/mcc_generated_files/mqtt/mqtt_comm_bsd/mqtt_comm_layer.o
 .debug_info    0x000000000001d9e6     0x3133 build/GOOGLE_IOT/production/mcc_generated_files/mqtt/mqtt_core/mqtt_core.o
 .debug_info    0x0000000000020b19      0x49c build/GOOGLE_IOT/production/mcc_generated_files/mqtt/mqtt_exchange_buffer/mqtt_exchange_buffer.o
 .debug_info    0x0000000000020fb5      0x32e build/GOOGLE_IOT/production/mcc_generated_files/mqtt/mqtt_packetTransfer_interface.o
 .debug_info    0x00000000000212e3     0x2519 build/GOOGLE_IOT/production/mcc_generated_files/mqtt/mqtt_winc_adapter.o
 .debug_info    0x00000000000237fc     0x1067 build/GOOGLE_IOT/production/mcc_generated_files/src/pin_manager.o
 .debug_info    0x0000000000024863      0x3a7 build/GOOGLE_IOT/production/mcc_generated_files/src/cpuint.o
 .debug_info    0x0000000000024c0a      0x76f build/GOOGLE_IOT/production/mcc_generated_files/src/spi0.o
 .debug_info    0x0000000000025379       0x7d build/GOOGLE_IOT/production/mcc_generated_files/src/protected_io.o
 .debug_info    0x00000000000253f6      0x7d9 build/GOOGLE_IOT/production/mcc_generated_files/src/rtc.o
 .debug_info    0x0000000000025bcf     0x1cbb build/GOOGLE_IOT/production/mcc_generated_files/src/twi0_master.o
 .debug_info    0x000000000002788a      0xb0d build/GOOGLE_IOT/production/mcc_generated_files/src/adc0.o
 .debug_info    0x0000000000028397      0xafc build/GOOGLE_IOT/production/mcc_generated_files/src/usart2.o
 .debug_info    0x0000000000028e93      0x580 build/GOOGLE_IOT/production/usart1.o
 .debug_info    0x0000000000029413      0xeec build/GOOGLE_IOT/production/mcc_generated_files/winc/driver/winc_spi.o
 .debug_info    0x000000000002a2ff      0x9f5 build/GOOGLE_IOT/production/mcc_generated_files/winc/driver/winc_adapter.o
 .debug_info    0x000000000002acf4      0xb30 build/GOOGLE_IOT/production/mcc_generated_files/winc/driver/winc_hif.o
 .debug_info    0x000000000002b824      0xe26 build/GOOGLE_IOT/production/mcc_generated_files/winc/driver/winc_asic.o
 .debug_info    0x000000000002c64a      0x531 build/GOOGLE_IOT/production/mcc_generated_files/winc/driver/winc_drv.o
 .debug_info    0x000000000002cb7b     0x1026 build/GOOGLE_IOT/production/mcc_generated_files/winc/m2m/m2m_ssl.o
 .debug_info    0x000000000002dba1     0x564e build/GOOGLE_IOT/production/mcc_generated_files/winc/m2m/m2m_wifi.o
 .debug_info    0x00000000000331ef      0x636 build/GOOGLE_IOT/production/mcc_generated_files/winc/m2m/m2m_fwinfo.o
 .debug_info    0x0000000000033825     0x2634 build/GOOGLE_IOT/production/mcc_generated_files/winc/socket/socket.o
 .debug_info    0x0000000000035e59      0xaf4 build/GOOGLE_IOT/production/mcc_generated_files/mcc.o
 .debug_info    0x000000000003694d      0x3d9 build/GOOGLE_IOT/production/mcc_generated_files/delay.o
 .debug_info    0x0000000000036d26      0x7b6 build/GOOGLE_IOT/production/mcc_generated_files/device_config.o
 .debug_info    0x00000000000374dc     0x14b2 build/GOOGLE_IOT/production/mcc_generated_files/application_manager.o
 .debug_info    0x000000000003898e      0x677 build/GOOGLE_IOT/production/mcc_generated_files/debug_print.o
 .debug_info    0x0000000000039005      0xbe8 build/GOOGLE_IOT/production/mcc_generated_files/led.o
 .debug_info    0x0000000000039bed      0x37a build/GOOGLE_IOT/production/mcc_generated_files/sensors_handling.o
 .debug_info    0x0000000000039f67      0x84c build/GOOGLE_IOT/production/mcc_generated_files/time_service.o
 .debug_info    0x000000000003a7b3      0xce7 build/GOOGLE_IOT/production/mcc_generated_files/CryptoAuth_init.o
 .debug_info    0x000000000003b49a      0x1d9 build/GOOGLE_IOT/production/main.o
 .debug_info    0x000000000003b673      0x350 build/GOOGLE_IOT/production/GPS.o
 .debug_info    0x000000000003b9c3       0xa2 /opt/microchip/xc8/v2.31/dfp/xc8/avr/lib/avrxmega3/libatmega4808.a(eewr_word.o)
 .debug_info    0x000000000003ba65       0xa2 /opt/microchip/xc8/v2.31/dfp/xc8/avr/lib/avrxmega3/libatmega4808.a(eewr_byte.o)

.debug_abbrev   0x0000000000000000     0x9aba
 *(.debug_abbrev)
 .debug_abbrev  0x0000000000000000     0x20c2 /opt/microchip/xc8/v2.31/dfp/xc8/avr/lib/avrxmega3/crtatmega4808.o
 .debug_abbrev  0x00000000000020c2      0x427 build/GOOGLE_IOT/production/mcc_generated_files/cli/cli.o
 .debug_abbrev  0x00000000000024e9      0x17c build/GOOGLE_IOT/production/mcc_generated_files/cloud/crypto_client/crypto_client.o
 .debug_abbrev  0x0000000000002665      0x430 build/GOOGLE_IOT/production/mcc_generated_files/cloud/cloud_service.o
 .debug_abbrev  0x0000000000002a95      0x2cb build/GOOGLE_IOT/production/mcc_generated_files/cloud/wifi_service.o
 .debug_abbrev  0x0000000000002d60      0x296 build/GOOGLE_IOT/production/mcc_generated_files/cloud/mqtt_service.o
 .debug_abbrev  0x0000000000002ff6      0x2a0 build/GOOGLE_IOT/production/mcc_generated_files/cloud/google_cloud_service.o
 .debug_abbrev  0x0000000000003296       0x69 build/GOOGLE_IOT/production/mcc_generated_files/credentials_storage/credentials_storage.o
 .debug_abbrev  0x00000000000032ff      0x2bb build/GOOGLE_IOT/production/mcc_generated_files/CryptoAuthenticationLibrary/basic/atca_basic.o
 .debug_abbrev  0x00000000000035ba      0x17c build/GOOGLE_IOT/production/mcc_generated_files/CryptoAuthenticationLibrary/basic/atca_basic_genkey.o
 .debug_abbrev  0x0000000000003736      0x187 build/GOOGLE_IOT/production/mcc_generated_files/CryptoAuthenticationLibrary/basic/atca_basic_lock.o
 .debug_abbrev  0x00000000000038bd      0x19e build/GOOGLE_IOT/production/mcc_generated_files/CryptoAuthenticationLibrary/basic/atca_basic_nonce.o
 .debug_abbrev  0x0000000000003a5b      0x158 build/GOOGLE_IOT/production/mcc_generated_files/CryptoAuthenticationLibrary/basic/atca_basic_random.o
 .debug_abbrev  0x0000000000003bb3      0x350 build/GOOGLE_IOT/production/mcc_generated_files/CryptoAuthenticationLibrary/basic/atca_basic_read.o
 .debug_abbrev  0x0000000000003f03      0x1b9 build/GOOGLE_IOT/production/mcc_generated_files/CryptoAuthenticationLibrary/basic/atca_basic_sign.o
 .debug_abbrev  0x00000000000040bc      0x36c build/GOOGLE_IOT/production/mcc_generated_files/CryptoAuthenticationLibrary/basic/atca_helpers.o
 .debug_abbrev  0x0000000000004428      0x159 build/GOOGLE_IOT/production/mcc_generated_files/CryptoAuthenticationLibrary/crypto/hashes/sha2_routines.o
 .debug_abbrev  0x0000000000004581      0x174 build/GOOGLE_IOT/production/mcc_generated_files/CryptoAuthenticationLibrary/crypto/atca_crypto_sw_sha2.o
 .debug_abbrev  0x00000000000046f5      0x1aa build/GOOGLE_IOT/production/mcc_generated_files/CryptoAuthenticationLibrary/hal/atca_hal.o
 .debug_abbrev  0x000000000000489f      0x1cd build/GOOGLE_IOT/production/mcc_generated_files/CryptoAuthenticationLibrary/hal/atca_i2c_hal.o
 .debug_abbrev  0x0000000000004a6c      0x10d build/GOOGLE_IOT/production/mcc_generated_files/CryptoAuthenticationLibrary/hal/hal_i2c_timer.o
 .debug_abbrev  0x0000000000004b79      0x21f build/GOOGLE_IOT/production/mcc_generated_files/CryptoAuthenticationLibrary/jwt/atca_jwt.o
 .debug_abbrev  0x0000000000004d98      0x207 build/GOOGLE_IOT/production/mcc_generated_files/CryptoAuthenticationLibrary/atca_command.o
 .debug_abbrev  0x0000000000004f9f      0x135 build/GOOGLE_IOT/production/mcc_generated_files/CryptoAuthenticationLibrary/atca_device.o
 .debug_abbrev  0x00000000000050d4      0x1cf build/GOOGLE_IOT/production/mcc_generated_files/CryptoAuthenticationLibrary/atca_execution.o
 .debug_abbrev  0x00000000000052a3      0x1fe build/GOOGLE_IOT/production/mcc_generated_files/CryptoAuthenticationLibrary/atca_iface.o
 .debug_abbrev  0x00000000000054a1      0x160 build/GOOGLE_IOT/production/mcc_generated_files/drivers/spi_master.o
 .debug_abbrev  0x0000000000005601      0x37a build/GOOGLE_IOT/production/mcc_generated_files/drivers/timeout.o
 .debug_abbrev  0x000000000000597b      0x14e build/GOOGLE_IOT/production/mcc_generated_files/drivers/i2c_simple_master.o
 .debug_abbrev  0x0000000000005ac9       0x97 build/GOOGLE_IOT/production/mcc_generated_files/drivers/uart.o
 .debug_abbrev  0x0000000000005b60      0x16a build/GOOGLE_IOT/production/mcc_generated_files/mqtt/mqtt_comm_bsd/mqtt_comm_layer.o
 .debug_abbrev  0x0000000000005cca      0x352 build/GOOGLE_IOT/production/mcc_generated_files/mqtt/mqtt_core/mqtt_core.o
 .debug_abbrev  0x000000000000601c       0xdf build/GOOGLE_IOT/production/mcc_generated_files/mqtt/mqtt_exchange_buffer/mqtt_exchange_buffer.o
 .debug_abbrev  0x00000000000060fb       0x9b build/GOOGLE_IOT/production/mcc_generated_files/mqtt/mqtt_packetTransfer_interface.o
 .debug_abbrev  0x0000000000006196      0x41a build/GOOGLE_IOT/production/mcc_generated_files/mqtt/mqtt_winc_adapter.o
 .debug_abbrev  0x00000000000065b0      0x1b9 build/GOOGLE_IOT/production/mcc_generated_files/src/pin_manager.o
 .debug_abbrev  0x0000000000006769       0xfa build/GOOGLE_IOT/production/mcc_generated_files/src/cpuint.o
 .debug_abbrev  0x0000000000006863      0x21f build/GOOGLE_IOT/production/mcc_generated_files/src/spi0.o
 .debug_abbrev  0x0000000000006a82       0x14 build/GOOGLE_IOT/production/mcc_generated_files/src/protected_io.o
 .debug_abbrev  0x0000000000006a96      0x185 build/GOOGLE_IOT/production/mcc_generated_files/src/rtc.o
 .debug_abbrev  0x0000000000006c1b      0x3e2 build/GOOGLE_IOT/production/mcc_generated_files/src/twi0_master.o
 .debug_abbrev  0x0000000000006ffd      0x252 build/GOOGLE_IOT/production/mcc_generated_files/src/adc0.o
 .debug_abbrev  0x000000000000724f      0x2ef build/GOOGLE_IOT/production/mcc_generated_files/src/usart2.o
 .debug_abbrev  0x000000000000753e      0x121 build/GOOGLE_IOT/production/usart1.o
 .debug_abbrev  0x000000000000765f      0x2d5 build/GOOGLE_IOT/production/mcc_generated_files/winc/driver/winc_spi.o
 .debug_abbrev  0x0000000000007934      0x217 build/GOOGLE_IOT/production/mcc_generated_files/winc/driver/winc_adapter.o
 .debug_abbrev  0x0000000000007b4b      0x20d build/GOOGLE_IOT/production/mcc_generated_files/winc/driver/winc_hif.o
 .debug_abbrev  0x0000000000007d58      0x206 build/GOOGLE_IOT/production/mcc_generated_files/winc/driver/winc_asic.o
 .debug_abbrev  0x0000000000007f5e       0xac build/GOOGLE_IOT/production/mcc_generated_files/winc/driver/winc_drv.o
 .debug_abbrev  0x000000000000800a      0x256 build/GOOGLE_IOT/production/mcc_generated_files/winc/m2m/m2m_ssl.o
 .debug_abbrev  0x0000000000008260      0x3ff build/GOOGLE_IOT/production/mcc_generated_files/winc/m2m/m2m_wifi.o
 .debug_abbrev  0x000000000000865f      0x13f build/GOOGLE_IOT/production/mcc_generated_files/winc/m2m/m2m_fwinfo.o
 .debug_abbrev  0x000000000000879e      0x375 build/GOOGLE_IOT/production/mcc_generated_files/winc/socket/socket.o
 .debug_abbrev  0x0000000000008b13      0x1ac build/GOOGLE_IOT/production/mcc_generated_files/mcc.o
 .debug_abbrev  0x0000000000008cbf      0x11e build/GOOGLE_IOT/production/mcc_generated_files/delay.o
 .debug_abbrev  0x0000000000008ddd       0x97 build/GOOGLE_IOT/production/mcc_generated_files/device_config.o
 .debug_abbrev  0x0000000000008e74      0x337 build/GOOGLE_IOT/production/mcc_generated_files/application_manager.o
 .debug_abbrev  0x00000000000091ab      0x19b build/GOOGLE_IOT/production/mcc_generated_files/debug_print.o
 .debug_abbrev  0x0000000000009346      0x233 build/GOOGLE_IOT/production/mcc_generated_files/led.o
 .debug_abbrev  0x0000000000009579       0xd3 build/GOOGLE_IOT/production/mcc_generated_files/sensors_handling.o
 .debug_abbrev  0x000000000000964c      0x205 build/GOOGLE_IOT/production/mcc_generated_files/time_service.o
 .debug_abbrev  0x0000000000009851      0x128 build/GOOGLE_IOT/production/mcc_generated_files/CryptoAuth_init.o
 .debug_abbrev  0x0000000000009979       0x5d build/GOOGLE_IOT/production/main.o
 .debug_abbrev  0x00000000000099d6       0xbc build/GOOGLE_IOT/production/GPS.o
 .debug_abbrev  0x0000000000009a92       0x14 /opt/microchip/xc8/v2.31/dfp/xc8/avr/lib/avrxmega3/libatmega4808.a(eewr_word.o)
 .debug_abbrev  0x0000000000009aa6       0x14 /opt/microchip/xc8/v2.31/dfp/xc8/avr/lib/avrxmega3/libatmega4808.a(eewr_byte.o)

.debug_line     0x0000000000000000     0xf446
 *(.debug_line .debug_line.* .debug_line_end)
 .debug_line    0x0000000000000000      0x16f /opt/microchip/xc8/v2.31/dfp/xc8/avr/lib/avrxmega3/crtatmega4808.o
 .debug_line    0x000000000000016f      0x668 build/GOOGLE_IOT/production/mcc_generated_files/cli/cli.o
 .debug_line    0x00000000000007d7      0x332 build/GOOGLE_IOT/production/mcc_generated_files/cloud/crypto_client/crypto_client.o
 .debug_line    0x0000000000000b09      0x622 build/GOOGLE_IOT/production/mcc_generated_files/cloud/cloud_service.o
 .debug_line    0x000000000000112b      0x5dc build/GOOGLE_IOT/production/mcc_generated_files/cloud/wifi_service.o
 .debug_line    0x0000000000001707      0x2e7 build/GOOGLE_IOT/production/mcc_generated_files/cloud/mqtt_service.o
 .debug_line    0x00000000000019ee      0x47b build/GOOGLE_IOT/production/mcc_generated_files/cloud/google_cloud_service.o
 .debug_line    0x0000000000001e69       0xb2 build/GOOGLE_IOT/production/mcc_generated_files/credentials_storage/credentials_storage.o
 .debug_line    0x0000000000001f1b      0x4b7 build/GOOGLE_IOT/production/mcc_generated_files/CryptoAuthenticationLibrary/basic/atca_basic.o
 .debug_line    0x00000000000023d2      0x1cd build/GOOGLE_IOT/production/mcc_generated_files/CryptoAuthenticationLibrary/basic/atca_basic_genkey.o
 .debug_line    0x000000000000259f      0x1f2 build/GOOGLE_IOT/production/mcc_generated_files/CryptoAuthenticationLibrary/basic/atca_basic_lock.o
 .debug_line    0x0000000000002791      0x23d build/GOOGLE_IOT/production/mcc_generated_files/CryptoAuthenticationLibrary/basic/atca_basic_nonce.o
 .debug_line    0x00000000000029ce      0x193 build/GOOGLE_IOT/production/mcc_generated_files/CryptoAuthenticationLibrary/basic/atca_basic_random.o
 .debug_line    0x0000000000002b61      0x618 build/GOOGLE_IOT/production/mcc_generated_files/CryptoAuthenticationLibrary/basic/atca_basic_read.o
 .debug_line    0x0000000000003179      0x213 build/GOOGLE_IOT/production/mcc_generated_files/CryptoAuthenticationLibrary/basic/atca_basic_sign.o
 .debug_line    0x000000000000338c      0xad3 build/GOOGLE_IOT/production/mcc_generated_files/CryptoAuthenticationLibrary/basic/atca_helpers.o
 .debug_line    0x0000000000003e5f      0x2e7 build/GOOGLE_IOT/production/mcc_generated_files/CryptoAuthenticationLibrary/crypto/hashes/sha2_routines.o
 .debug_line    0x0000000000004146      0x20b build/GOOGLE_IOT/production/mcc_generated_files/CryptoAuthenticationLibrary/crypto/atca_crypto_sw_sha2.o
 .debug_line    0x0000000000004351      0x1df build/GOOGLE_IOT/production/mcc_generated_files/CryptoAuthenticationLibrary/hal/atca_hal.o
 .debug_line    0x0000000000004530      0x2ca build/GOOGLE_IOT/production/mcc_generated_files/CryptoAuthenticationLibrary/hal/atca_i2c_hal.o
 .debug_line    0x00000000000047fa      0x11f build/GOOGLE_IOT/production/mcc_generated_files/CryptoAuthenticationLibrary/hal/hal_i2c_timer.o
 .debug_line    0x0000000000004919      0x53b build/GOOGLE_IOT/production/mcc_generated_files/CryptoAuthenticationLibrary/jwt/atca_jwt.o
 .debug_line    0x0000000000004e54      0x8d5 build/GOOGLE_IOT/production/mcc_generated_files/CryptoAuthenticationLibrary/atca_command.o
 .debug_line    0x0000000000005729      0x199 build/GOOGLE_IOT/production/mcc_generated_files/CryptoAuthenticationLibrary/atca_device.o
 .debug_line    0x00000000000058c2      0x27d build/GOOGLE_IOT/production/mcc_generated_files/CryptoAuthenticationLibrary/atca_execution.o
 .debug_line    0x0000000000005b3f      0x2d3 build/GOOGLE_IOT/production/mcc_generated_files/CryptoAuthenticationLibrary/atca_iface.o
 .debug_line    0x0000000000005e12      0x137 build/GOOGLE_IOT/production/mcc_generated_files/drivers/spi_master.o
 .debug_line    0x0000000000005f49      0x6d2 build/GOOGLE_IOT/production/mcc_generated_files/drivers/timeout.o
 .debug_line    0x000000000000661b      0x393 build/GOOGLE_IOT/production/mcc_generated_files/drivers/i2c_simple_master.o
 .debug_line    0x00000000000069ae       0x7f build/GOOGLE_IOT/production/mcc_generated_files/drivers/uart.o
 .debug_line    0x0000000000006a2d      0x282 build/GOOGLE_IOT/production/mcc_generated_files/mqtt/mqtt_comm_bsd/mqtt_comm_layer.o
 .debug_line    0x0000000000006caf      0xc22 build/GOOGLE_IOT/production/mcc_generated_files/mqtt/mqtt_core/mqtt_core.o
 .debug_line    0x00000000000078d1      0x1fc build/GOOGLE_IOT/production/mcc_generated_files/mqtt/mqtt_exchange_buffer/mqtt_exchange_buffer.o
 .debug_line    0x0000000000007acd       0xda build/GOOGLE_IOT/production/mcc_generated_files/mqtt/mqtt_packetTransfer_interface.o
 .debug_line    0x0000000000007ba7      0x7d6 build/GOOGLE_IOT/production/mcc_generated_files/mqtt/mqtt_winc_adapter.o
 .debug_line    0x000000000000837d      0x50f build/GOOGLE_IOT/production/mcc_generated_files/src/pin_manager.o
 .debug_line    0x000000000000888c      0x14f build/GOOGLE_IOT/production/mcc_generated_files/src/cpuint.o
 .debug_line    0x00000000000089db      0x35d build/GOOGLE_IOT/production/mcc_generated_files/src/spi0.o
 .debug_line    0x0000000000008d38       0x66 build/GOOGLE_IOT/production/mcc_generated_files/src/protected_io.o
 .debug_line    0x0000000000008d9e      0x2e6 build/GOOGLE_IOT/production/mcc_generated_files/src/rtc.o
 .debug_line    0x0000000000009084      0xbaf build/GOOGLE_IOT/production/mcc_generated_files/src/twi0_master.o
 .debug_line    0x0000000000009c33      0x32f build/GOOGLE_IOT/production/mcc_generated_files/src/adc0.o
 .debug_line    0x0000000000009f62      0x41f build/GOOGLE_IOT/production/mcc_generated_files/src/usart2.o
 .debug_line    0x000000000000a381      0x20e build/GOOGLE_IOT/production/usart1.o
 .debug_line    0x000000000000a58f      0x5ad build/GOOGLE_IOT/production/mcc_generated_files/winc/driver/winc_spi.o
 .debug_line    0x000000000000ab3c      0x3c3 build/GOOGLE_IOT/production/mcc_generated_files/winc/driver/winc_adapter.o
 .debug_line    0x000000000000aeff      0x379 build/GOOGLE_IOT/production/mcc_generated_files/winc/driver/winc_hif.o
 .debug_line    0x000000000000b278      0x3bb build/GOOGLE_IOT/production/mcc_generated_files/winc/driver/winc_asic.o
 .debug_line    0x000000000000b633      0x1bc build/GOOGLE_IOT/production/mcc_generated_files/winc/driver/winc_drv.o
 .debug_line    0x000000000000b7ef      0x44f build/GOOGLE_IOT/production/mcc_generated_files/winc/m2m/m2m_ssl.o
 .debug_line    0x000000000000bc3e      0xf92 build/GOOGLE_IOT/production/mcc_generated_files/winc/m2m/m2m_wifi.o
 .debug_line    0x000000000000cbd0      0x1c8 build/GOOGLE_IOT/production/mcc_generated_files/winc/m2m/m2m_fwinfo.o
 .debug_line    0x000000000000cd98      0xdb6 build/GOOGLE_IOT/production/mcc_generated_files/winc/socket/socket.o
 .debug_line    0x000000000000db4e      0x2f0 build/GOOGLE_IOT/production/mcc_generated_files/mcc.o
 .debug_line    0x000000000000de3e      0x10c build/GOOGLE_IOT/production/mcc_generated_files/delay.o
 .debug_line    0x000000000000df4a       0xb4 build/GOOGLE_IOT/production/mcc_generated_files/device_config.o
 .debug_line    0x000000000000dffe      0x73c build/GOOGLE_IOT/production/mcc_generated_files/application_manager.o
 .debug_line    0x000000000000e73a      0x164 build/GOOGLE_IOT/production/mcc_generated_files/debug_print.o
 .debug_line    0x000000000000e89e      0x3c5 build/GOOGLE_IOT/production/mcc_generated_files/led.o
 .debug_line    0x000000000000ec63      0x15f build/GOOGLE_IOT/production/mcc_generated_files/sensors_handling.o
 .debug_line    0x000000000000edc2      0x221 build/GOOGLE_IOT/production/mcc_generated_files/time_service.o
 .debug_line    0x000000000000efe3      0x179 build/GOOGLE_IOT/production/mcc_generated_files/CryptoAuth_init.o
 .debug_line    0x000000000000f15c       0x7b build/GOOGLE_IOT/production/main.o
 .debug_line    0x000000000000f1d7      0x153 build/GOOGLE_IOT/production/GPS.o
 .debug_line    0x000000000000f32a       0x5b /opt/microchip/xc8/v2.31/dfp/xc8/avr/lib/avrxmega3/libatmega4808.a(eewr_word.o)
 .debug_line    0x000000000000f385       0xc1 /opt/microchip/xc8/v2.31/dfp/xc8/avr/lib/avrxmega3/libatmega4808.a(eewr_byte.o)

.debug_frame    0x0000000000000000     0x4f0c
 *(.debug_frame)
 .debug_frame   0x0000000000000000      0x1ac build/GOOGLE_IOT/production/mcc_generated_files/cli/cli.o
 .debug_frame   0x00000000000001ac       0xe4 build/GOOGLE_IOT/production/mcc_generated_files/cloud/crypto_client/crypto_client.o
 .debug_frame   0x0000000000000290       0xe8 build/GOOGLE_IOT/production/mcc_generated_files/cloud/cloud_service.o
 .debug_frame   0x0000000000000378      0x12c build/GOOGLE_IOT/production/mcc_generated_files/cloud/wifi_service.o
 .debug_frame   0x00000000000004a4       0xe8 build/GOOGLE_IOT/production/mcc_generated_files/cloud/mqtt_service.o
 .debug_frame   0x000000000000058c       0xf4 build/GOOGLE_IOT/production/mcc_generated_files/cloud/google_cloud_service.o
 .debug_frame   0x0000000000000680       0x24 build/GOOGLE_IOT/production/mcc_generated_files/credentials_storage/credentials_storage.o
 .debug_frame   0x00000000000006a4      0x154 build/GOOGLE_IOT/production/mcc_generated_files/CryptoAuthenticationLibrary/basic/atca_basic.o
 .debug_frame   0x00000000000007f8       0x60 build/GOOGLE_IOT/production/mcc_generated_files/CryptoAuthenticationLibrary/basic/atca_basic_genkey.o
 .debug_frame   0x0000000000000858       0x90 build/GOOGLE_IOT/production/mcc_generated_files/CryptoAuthenticationLibrary/basic/atca_basic_lock.o
 .debug_frame   0x00000000000008e8       0x9c build/GOOGLE_IOT/production/mcc_generated_files/CryptoAuthenticationLibrary/basic/atca_basic_nonce.o
 .debug_frame   0x0000000000000984       0x40 build/GOOGLE_IOT/production/mcc_generated_files/CryptoAuthenticationLibrary/basic/atca_basic_random.o
 .debug_frame   0x00000000000009c4      0x2dc build/GOOGLE_IOT/production/mcc_generated_files/CryptoAuthenticationLibrary/basic/atca_basic_read.o
 .debug_frame   0x0000000000000ca0       0x84 build/GOOGLE_IOT/production/mcc_generated_files/CryptoAuthenticationLibrary/basic/atca_basic_sign.o
 .debug_frame   0x0000000000000d24      0x40c build/GOOGLE_IOT/production/mcc_generated_files/CryptoAuthenticationLibrary/basic/atca_helpers.o
 .debug_frame   0x0000000000001130      0x190 build/GOOGLE_IOT/production/mcc_generated_files/CryptoAuthenticationLibrary/crypto/hashes/sha2_routines.o
 .debug_frame   0x00000000000012c0       0x84 build/GOOGLE_IOT/production/mcc_generated_files/CryptoAuthenticationLibrary/crypto/atca_crypto_sw_sha2.o
 .debug_frame   0x0000000000001344       0x60 build/GOOGLE_IOT/production/mcc_generated_files/CryptoAuthenticationLibrary/hal/atca_hal.o
 .debug_frame   0x00000000000013a4      0x110 build/GOOGLE_IOT/production/mcc_generated_files/CryptoAuthenticationLibrary/hal/atca_i2c_hal.o
 .debug_frame   0x00000000000014b4       0x34 build/GOOGLE_IOT/production/mcc_generated_files/CryptoAuthenticationLibrary/hal/hal_i2c_timer.o
 .debug_frame   0x00000000000014e8      0x1c8 build/GOOGLE_IOT/production/mcc_generated_files/CryptoAuthenticationLibrary/jwt/atca_jwt.o
 .debug_frame   0x00000000000016b0      0x23c build/GOOGLE_IOT/production/mcc_generated_files/CryptoAuthenticationLibrary/atca_command.o
 .debug_frame   0x00000000000018ec       0x68 build/GOOGLE_IOT/production/mcc_generated_files/CryptoAuthenticationLibrary/atca_device.o
 .debug_frame   0x0000000000001954       0x74 build/GOOGLE_IOT/production/mcc_generated_files/CryptoAuthenticationLibrary/atca_execution.o
 .debug_frame   0x00000000000019c8      0x11c build/GOOGLE_IOT/production/mcc_generated_files/CryptoAuthenticationLibrary/atca_iface.o
 .debug_frame   0x0000000000001ae4       0x34 build/GOOGLE_IOT/production/mcc_generated_files/drivers/spi_master.o
 .debug_frame   0x0000000000001b18      0x2c4 build/GOOGLE_IOT/production/mcc_generated_files/drivers/timeout.o
 .debug_frame   0x0000000000001ddc      0x18c build/GOOGLE_IOT/production/mcc_generated_files/drivers/i2c_simple_master.o
 .debug_frame   0x0000000000001f68       0x90 build/GOOGLE_IOT/production/mcc_generated_files/mqtt/mqtt_comm_bsd/mqtt_comm_layer.o
 .debug_frame   0x0000000000001ff8      0x234 build/GOOGLE_IOT/production/mcc_generated_files/mqtt/mqtt_core/mqtt_core.o
 .debug_frame   0x000000000000222c       0xbc build/GOOGLE_IOT/production/mcc_generated_files/mqtt/mqtt_exchange_buffer/mqtt_exchange_buffer.o
 .debug_frame   0x00000000000022e8       0x34 build/GOOGLE_IOT/production/mcc_generated_files/mqtt/mqtt_packetTransfer_interface.o
 .debug_frame   0x000000000000231c      0x300 build/GOOGLE_IOT/production/mcc_generated_files/mqtt/mqtt_winc_adapter.o
 .debug_frame   0x000000000000261c      0x300 build/GOOGLE_IOT/production/mcc_generated_files/src/pin_manager.o
 .debug_frame   0x000000000000291c       0x24 build/GOOGLE_IOT/production/mcc_generated_files/src/cpuint.o
 .debug_frame   0x0000000000002940      0x114 build/GOOGLE_IOT/production/mcc_generated_files/src/spi0.o
 .debug_frame   0x0000000000002a54      0x1b4 build/GOOGLE_IOT/production/mcc_generated_files/src/rtc.o
 .debug_frame   0x0000000000002c08      0x40c build/GOOGLE_IOT/production/mcc_generated_files/src/twi0_master.o
 .debug_frame   0x0000000000003014      0x18c build/GOOGLE_IOT/production/mcc_generated_files/src/adc0.o
 .debug_frame   0x00000000000031a0      0x210 build/GOOGLE_IOT/production/mcc_generated_files/src/usart2.o
 .debug_frame   0x00000000000033b0       0xd4 build/GOOGLE_IOT/production/usart1.o
 .debug_frame   0x0000000000003484      0x2d0 build/GOOGLE_IOT/production/mcc_generated_files/winc/driver/winc_spi.o
 .debug_frame   0x0000000000003754      0x170 build/GOOGLE_IOT/production/mcc_generated_files/winc/driver/winc_adapter.o
 .debug_frame   0x00000000000038c4      0x16c build/GOOGLE_IOT/production/mcc_generated_files/winc/driver/winc_hif.o
 .debug_frame   0x0000000000003a30      0x194 build/GOOGLE_IOT/production/mcc_generated_files/winc/driver/winc_asic.o
 .debug_frame   0x0000000000003bc4       0x58 build/GOOGLE_IOT/production/mcc_generated_files/winc/driver/winc_drv.o
 .debug_frame   0x0000000000003c1c      0x190 build/GOOGLE_IOT/production/mcc_generated_files/winc/m2m/m2m_ssl.o
 .debug_frame   0x0000000000003dac      0x83c build/GOOGLE_IOT/production/mcc_generated_files/winc/m2m/m2m_wifi.o
 .debug_frame   0x00000000000045e8       0x54 build/GOOGLE_IOT/production/mcc_generated_files/winc/m2m/m2m_fwinfo.o
 .debug_frame   0x000000000000463c      0x390 build/GOOGLE_IOT/production/mcc_generated_files/winc/socket/socket.o
 .debug_frame   0x00000000000049cc       0x84 build/GOOGLE_IOT/production/mcc_generated_files/mcc.o
 .debug_frame   0x0000000000004a50       0x34 build/GOOGLE_IOT/production/mcc_generated_files/delay.o
 .debug_frame   0x0000000000004a84      0x18c build/GOOGLE_IOT/production/mcc_generated_files/application_manager.o
 .debug_frame   0x0000000000004c10       0x64 build/GOOGLE_IOT/production/mcc_generated_files/debug_print.o
 .debug_frame   0x0000000000004c74       0xc0 build/GOOGLE_IOT/production/mcc_generated_files/led.o
 .debug_frame   0x0000000000004d34       0x64 build/GOOGLE_IOT/production/mcc_generated_files/sensors_handling.o
 .debug_frame   0x0000000000004d98       0xe4 build/GOOGLE_IOT/production/mcc_generated_files/time_service.o
 .debug_frame   0x0000000000004e7c       0x24 build/GOOGLE_IOT/production/mcc_generated_files/CryptoAuth_init.o
 .debug_frame   0x0000000000004ea0       0x24 build/GOOGLE_IOT/production/main.o
 .debug_frame   0x0000000000004ec4       0x48 build/GOOGLE_IOT/production/GPS.o

.debug_str      0x0000000000000000     0x2c59
 *(.debug_str)
 .debug_str     0x0000000000000000      0xecd /opt/microchip/xc8/v2.31/dfp/xc8/avr/lib/avrxmega3/crtatmega4808.o
 .debug_str     0x0000000000000ecd       0xb4 build/GOOGLE_IOT/production/mcc_generated_files/cli/cli.o
 .debug_str     0x0000000000000f81       0xb3 build/GOOGLE_IOT/production/mcc_generated_files/cloud/crypto_client/crypto_client.o
 .debug_str     0x0000000000001034      0x1d3 build/GOOGLE_IOT/production/mcc_generated_files/cloud/cloud_service.o
 .debug_str     0x0000000000001207      0x1b7 build/GOOGLE_IOT/production/mcc_generated_files/cloud/wifi_service.o
 .debug_str     0x00000000000013be       0xd9 build/GOOGLE_IOT/production/mcc_generated_files/cloud/mqtt_service.o
 .debug_str     0x0000000000001497      0x161 build/GOOGLE_IOT/production/mcc_generated_files/cloud/google_cloud_service.o
 .debug_str     0x00000000000015f8        0x0 build/GOOGLE_IOT/production/mcc_generated_files/credentials_storage/credentials_storage.o
 .debug_str     0x00000000000015f8       0x9d build/GOOGLE_IOT/production/mcc_generated_files/CryptoAuthenticationLibrary/basic/atca_basic.o
 .debug_str     0x0000000000001695       0x30 build/GOOGLE_IOT/production/mcc_generated_files/CryptoAuthenticationLibrary/basic/atca_basic_genkey.o
 .debug_str     0x00000000000016c5       0x21 build/GOOGLE_IOT/production/mcc_generated_files/CryptoAuthenticationLibrary/basic/atca_basic_lock.o
 .debug_str     0x00000000000016e6       0x25 build/GOOGLE_IOT/production/mcc_generated_files/CryptoAuthenticationLibrary/basic/atca_basic_nonce.o
 .debug_str     0x000000000000170b       0x1e build/GOOGLE_IOT/production/mcc_generated_files/CryptoAuthenticationLibrary/basic/atca_basic_random.o
 .debug_str     0x0000000000001729       0xd2 build/GOOGLE_IOT/production/mcc_generated_files/CryptoAuthenticationLibrary/basic/atca_basic_read.o
 .debug_str     0x00000000000017fb       0x4b build/GOOGLE_IOT/production/mcc_generated_files/CryptoAuthenticationLibrary/basic/atca_basic_sign.o
 .debug_str     0x0000000000001846       0x85 build/GOOGLE_IOT/production/mcc_generated_files/CryptoAuthenticationLibrary/basic/atca_helpers.o
 .debug_str     0x00000000000018cb        0xc build/GOOGLE_IOT/production/mcc_generated_files/CryptoAuthenticationLibrary/crypto/hashes/sha2_routines.o
 .debug_str     0x00000000000018d7       0x3a build/GOOGLE_IOT/production/mcc_generated_files/CryptoAuthenticationLibrary/crypto/atca_crypto_sw_sha2.o
 .debug_str     0x0000000000001911       0x4f build/GOOGLE_IOT/production/mcc_generated_files/CryptoAuthenticationLibrary/hal/atca_hal.o
 .debug_str     0x0000000000001960       0x59 build/GOOGLE_IOT/production/mcc_generated_files/CryptoAuthenticationLibrary/hal/atca_i2c_hal.o
 .debug_str     0x00000000000019b9       0x26 build/GOOGLE_IOT/production/mcc_generated_files/CryptoAuthenticationLibrary/hal/hal_i2c_timer.o
 .debug_str     0x00000000000019df       0x6a build/GOOGLE_IOT/production/mcc_generated_files/CryptoAuthenticationLibrary/jwt/atca_jwt.o
 .debug_str     0x0000000000001a49       0x1a build/GOOGLE_IOT/production/mcc_generated_files/CryptoAuthenticationLibrary/atca_command.o
 .debug_str     0x0000000000001a63       0x2f build/GOOGLE_IOT/production/mcc_generated_files/CryptoAuthenticationLibrary/atca_device.o
 .debug_str     0x0000000000001a92       0x5f build/GOOGLE_IOT/production/mcc_generated_files/CryptoAuthenticationLibrary/atca_execution.o
 .debug_str     0x0000000000001af1       0x7d build/GOOGLE_IOT/production/mcc_generated_files/CryptoAuthenticationLibrary/atca_iface.o
 .debug_str     0x0000000000001b6e       0x17 build/GOOGLE_IOT/production/mcc_generated_files/drivers/spi_master.o
 .debug_str     0x0000000000001b85       0xaa build/GOOGLE_IOT/production/mcc_generated_files/drivers/timeout.o
 .debug_str     0x0000000000001c2f       0x8b build/GOOGLE_IOT/production/mcc_generated_files/drivers/i2c_simple_master.o
 .debug_str     0x0000000000001cba        0x0 build/GOOGLE_IOT/production/mcc_generated_files/drivers/uart.o
 .debug_str     0x0000000000001cba       0x67 build/GOOGLE_IOT/production/mcc_generated_files/mqtt/mqtt_comm_bsd/mqtt_comm_layer.o
 .debug_str     0x0000000000001d21      0x14a build/GOOGLE_IOT/production/mcc_generated_files/mqtt/mqtt_core/mqtt_core.o
 .debug_str     0x0000000000001e6b        0xe build/GOOGLE_IOT/production/mcc_generated_files/mqtt/mqtt_exchange_buffer/mqtt_exchange_buffer.o
 .debug_str     0x0000000000001e79        0x0 build/GOOGLE_IOT/production/mcc_generated_files/mqtt/mqtt_packetTransfer_interface.o
 .debug_str     0x0000000000001e79       0x58 build/GOOGLE_IOT/production/mcc_generated_files/mqtt/mqtt_winc_adapter.o
 .debug_str     0x0000000000001ed1       0x25 build/GOOGLE_IOT/production/mcc_generated_files/src/pin_manager.o
 .debug_str     0x0000000000001ef6       0x13 build/GOOGLE_IOT/production/mcc_generated_files/src/cpuint.o
 .debug_str     0x0000000000001f09       0x17 build/GOOGLE_IOT/production/mcc_generated_files/src/spi0.o
 .debug_str     0x0000000000001f20        0x9 build/GOOGLE_IOT/production/mcc_generated_files/src/rtc.o
 .debug_str     0x0000000000001f29        0xf build/GOOGLE_IOT/production/mcc_generated_files/src/twi0_master.o
 .debug_str     0x0000000000001f38        0x8 build/GOOGLE_IOT/production/mcc_generated_files/src/adc0.o
 .debug_str     0x0000000000001f40        0x0 build/GOOGLE_IOT/production/mcc_generated_files/src/usart2.o
 .debug_str     0x0000000000001f40        0x0 build/GOOGLE_IOT/production/usart1.o
 .debug_str     0x0000000000001f40       0x72 build/GOOGLE_IOT/production/mcc_generated_files/winc/driver/winc_spi.o
 .debug_str     0x0000000000001fb2       0x3a build/GOOGLE_IOT/production/mcc_generated_files/winc/driver/winc_adapter.o
 .debug_str     0x0000000000001fec      0x123 build/GOOGLE_IOT/production/mcc_generated_files/winc/driver/winc_hif.o
 .debug_str     0x000000000000210f       0xee build/GOOGLE_IOT/production/mcc_generated_files/winc/driver/winc_asic.o
 .debug_str     0x00000000000021fd      0x129 build/GOOGLE_IOT/production/mcc_generated_files/winc/driver/winc_drv.o
 .debug_str     0x0000000000002326       0x49 build/GOOGLE_IOT/production/mcc_generated_files/winc/m2m/m2m_ssl.o
 .debug_str     0x000000000000236f      0x401 build/GOOGLE_IOT/production/mcc_generated_files/winc/m2m/m2m_wifi.o
 .debug_str     0x0000000000002770       0x2f build/GOOGLE_IOT/production/mcc_generated_files/winc/m2m/m2m_fwinfo.o
 .debug_str     0x000000000000279f      0x163 build/GOOGLE_IOT/production/mcc_generated_files/winc/socket/socket.o
 .debug_str     0x0000000000002902       0xde build/GOOGLE_IOT/production/mcc_generated_files/mcc.o
 .debug_str     0x00000000000029e0       0x26 build/GOOGLE_IOT/production/mcc_generated_files/delay.o
 .debug_str     0x0000000000002a06        0x0 build/GOOGLE_IOT/production/mcc_generated_files/device_config.o
 .debug_str     0x0000000000002a06      0x153 build/GOOGLE_IOT/production/mcc_generated_files/application_manager.o
 .debug_str     0x0000000000002b59        0x0 build/GOOGLE_IOT/production/mcc_generated_files/debug_print.o
 .debug_str     0x0000000000002b59       0x34 build/GOOGLE_IOT/production/mcc_generated_files/led.o
 .debug_str     0x0000000000002b8d       0x3c build/GOOGLE_IOT/production/mcc_generated_files/sensors_handling.o
 .debug_str     0x0000000000002bc9       0x37 build/GOOGLE_IOT/production/mcc_generated_files/time_service.o
 .debug_str     0x0000000000002c00       0x20 build/GOOGLE_IOT/production/mcc_generated_files/CryptoAuth_init.o
 .debug_str     0x0000000000002c20       0x2d build/GOOGLE_IOT/production/main.o
 .debug_str     0x0000000000002c4d        0xc build/GOOGLE_IOT/production/GPS.o

.debug_loc      0x0000000000000000    0x13511
 *(.debug_loc)
 .debug_loc     0x0000000000000000      0x386 build/GOOGLE_IOT/production/mcc_generated_files/cli/cli.o
 .debug_loc     0x0000000000000386      0x25a build/GOOGLE_IOT/production/mcc_generated_files/cloud/crypto_client/crypto_client.o
 .debug_loc     0x00000000000005e0      0x467 build/GOOGLE_IOT/production/mcc_generated_files/cloud/cloud_service.o
 .debug_loc     0x0000000000000a47      0x3f1 build/GOOGLE_IOT/production/mcc_generated_files/cloud/wifi_service.o
 .debug_loc     0x0000000000000e38      0x220 build/GOOGLE_IOT/production/mcc_generated_files/cloud/mqtt_service.o
 .debug_loc     0x0000000000001058      0x204 build/GOOGLE_IOT/production/mcc_generated_files/cloud/google_cloud_service.o
 .debug_loc     0x000000000000125c      0x44f build/GOOGLE_IOT/production/mcc_generated_files/CryptoAuthenticationLibrary/basic/atca_basic.o
 .debug_loc     0x00000000000016ab      0x1f3 build/GOOGLE_IOT/production/mcc_generated_files/CryptoAuthenticationLibrary/basic/atca_basic_genkey.o
 .debug_loc     0x000000000000189e      0x136 build/GOOGLE_IOT/production/mcc_generated_files/CryptoAuthenticationLibrary/basic/atca_basic_lock.o
 .debug_loc     0x00000000000019d4      0x472 build/GOOGLE_IOT/production/mcc_generated_files/CryptoAuthenticationLibrary/basic/atca_basic_nonce.o
 .debug_loc     0x0000000000001e46       0x94 build/GOOGLE_IOT/production/mcc_generated_files/CryptoAuthenticationLibrary/basic/atca_basic_random.o
 .debug_loc     0x0000000000001eda      0xf45 build/GOOGLE_IOT/production/mcc_generated_files/CryptoAuthenticationLibrary/basic/atca_basic_read.o
 .debug_loc     0x0000000000002e1f      0x3e1 build/GOOGLE_IOT/production/mcc_generated_files/CryptoAuthenticationLibrary/basic/atca_basic_sign.o
 .debug_loc     0x0000000000003200     0x2222 build/GOOGLE_IOT/production/mcc_generated_files/CryptoAuthenticationLibrary/basic/atca_helpers.o
 .debug_loc     0x0000000000005422      0x8e5 build/GOOGLE_IOT/production/mcc_generated_files/CryptoAuthenticationLibrary/crypto/hashes/sha2_routines.o
 .debug_loc     0x0000000000005d07      0x1f4 build/GOOGLE_IOT/production/mcc_generated_files/CryptoAuthenticationLibrary/crypto/atca_crypto_sw_sha2.o
 .debug_loc     0x0000000000005efb      0x15b build/GOOGLE_IOT/production/mcc_generated_files/CryptoAuthenticationLibrary/hal/atca_hal.o
 .debug_loc     0x0000000000006056      0x30d build/GOOGLE_IOT/production/mcc_generated_files/CryptoAuthenticationLibrary/hal/atca_i2c_hal.o
 .debug_loc     0x0000000000006363      0x12a build/GOOGLE_IOT/production/mcc_generated_files/CryptoAuthenticationLibrary/hal/hal_i2c_timer.o
 .debug_loc     0x000000000000648d      0x4d3 build/GOOGLE_IOT/production/mcc_generated_files/CryptoAuthenticationLibrary/jwt/atca_jwt.o
 .debug_loc     0x0000000000006960     0x1080 build/GOOGLE_IOT/production/mcc_generated_files/CryptoAuthenticationLibrary/atca_command.o
 .debug_loc     0x00000000000079e0      0x16f build/GOOGLE_IOT/production/mcc_generated_files/CryptoAuthenticationLibrary/atca_device.o
 .debug_loc     0x0000000000007b4f      0x292 build/GOOGLE_IOT/production/mcc_generated_files/CryptoAuthenticationLibrary/atca_execution.o
 .debug_loc     0x0000000000007de1      0x42a build/GOOGLE_IOT/production/mcc_generated_files/CryptoAuthenticationLibrary/atca_iface.o
 .debug_loc     0x000000000000820b       0x3a build/GOOGLE_IOT/production/mcc_generated_files/drivers/spi_master.o
 .debug_loc     0x0000000000008245      0xa2b build/GOOGLE_IOT/production/mcc_generated_files/drivers/timeout.o
 .debug_loc     0x0000000000008c70      0x512 build/GOOGLE_IOT/production/mcc_generated_files/drivers/i2c_simple_master.o
 .debug_loc     0x0000000000009182      0x160 build/GOOGLE_IOT/production/mcc_generated_files/mqtt/mqtt_comm_bsd/mqtt_comm_layer.o
 .debug_loc     0x00000000000092e2      0xdc9 build/GOOGLE_IOT/production/mcc_generated_files/mqtt/mqtt_core/mqtt_core.o
 .debug_loc     0x000000000000a0ab      0x3c7 build/GOOGLE_IOT/production/mcc_generated_files/mqtt/mqtt_exchange_buffer/mqtt_exchange_buffer.o
 .debug_loc     0x000000000000a472     0x1b66 build/GOOGLE_IOT/production/mcc_generated_files/mqtt/mqtt_winc_adapter.o
 .debug_loc     0x000000000000bfd8       0x78 build/GOOGLE_IOT/production/mcc_generated_files/src/pin_manager.o
 .debug_loc     0x000000000000c050       0x2a build/GOOGLE_IOT/production/mcc_generated_files/src/cpuint.o
 .debug_loc     0x000000000000c07a      0x30f build/GOOGLE_IOT/production/mcc_generated_files/src/spi0.o
 .debug_loc     0x000000000000c389      0x62e build/GOOGLE_IOT/production/mcc_generated_files/src/twi0_master.o
 .debug_loc     0x000000000000c9b7       0xa4 build/GOOGLE_IOT/production/mcc_generated_files/src/adc0.o
 .debug_loc     0x000000000000ca5b      0x123 build/GOOGLE_IOT/production/mcc_generated_files/src/usart2.o
 .debug_loc     0x000000000000cb7e      0xbd1 build/GOOGLE_IOT/production/mcc_generated_files/winc/driver/winc_spi.o
 .debug_loc     0x000000000000d74f      0x193 build/GOOGLE_IOT/production/mcc_generated_files/winc/driver/winc_adapter.o
 .debug_loc     0x000000000000d8e2      0x408 build/GOOGLE_IOT/production/mcc_generated_files/winc/driver/winc_hif.o
 .debug_loc     0x000000000000dcea      0x256 build/GOOGLE_IOT/production/mcc_generated_files/winc/driver/winc_asic.o
 .debug_loc     0x000000000000df40       0xa5 build/GOOGLE_IOT/production/mcc_generated_files/winc/driver/winc_drv.o
 .debug_loc     0x000000000000dfe5      0x78d build/GOOGLE_IOT/production/mcc_generated_files/winc/m2m/m2m_ssl.o
 .debug_loc     0x000000000000e772     0x1e47 build/GOOGLE_IOT/production/mcc_generated_files/winc/m2m/m2m_wifi.o
 .debug_loc     0x00000000000105b9      0x1a6 build/GOOGLE_IOT/production/mcc_generated_files/winc/m2m/m2m_fwinfo.o
 .debug_loc     0x000000000001075f     0x1e1c build/GOOGLE_IOT/production/mcc_generated_files/winc/socket/socket.o
 .debug_loc     0x000000000001257b      0x1ee build/GOOGLE_IOT/production/mcc_generated_files/mcc.o
 .debug_loc     0x0000000000012769      0x157 build/GOOGLE_IOT/production/mcc_generated_files/delay.o
 .debug_loc     0x00000000000128c0      0x21d build/GOOGLE_IOT/production/mcc_generated_files/application_manager.o
 .debug_loc     0x0000000000012add      0x13a build/GOOGLE_IOT/production/mcc_generated_files/debug_print.o
 .debug_loc     0x0000000000012c17      0x66c build/GOOGLE_IOT/production/mcc_generated_files/led.o
 .debug_loc     0x0000000000013283       0x75 build/GOOGLE_IOT/production/mcc_generated_files/sensors_handling.o
 .debug_loc     0x00000000000132f8      0x13f build/GOOGLE_IOT/production/mcc_generated_files/time_service.o
 .debug_loc     0x0000000000013437       0x1e build/GOOGLE_IOT/production/mcc_generated_files/CryptoAuth_init.o
 .debug_loc     0x0000000000013455       0xbc build/GOOGLE_IOT/production/GPS.o

.debug_macinfo
 *(.debug_macinfo)

.debug_weaknames
 *(.debug_weaknames)

.debug_funcnames
 *(.debug_funcnames)

.debug_typenames
 *(.debug_typenames)

.debug_varnames
 *(.debug_varnames)

.debug_pubtypes
 *(.debug_pubtypes)

.debug_ranges   0x0000000000000000     0x1f98
 *(.debug_ranges)
 .debug_ranges  0x0000000000000000       0x98 build/GOOGLE_IOT/production/mcc_generated_files/cli/cli.o
 .debug_ranges  0x0000000000000098       0x20 build/GOOGLE_IOT/production/mcc_generated_files/cloud/crypto_client/crypto_client.o
 .debug_ranges  0x00000000000000b8       0xe8 build/GOOGLE_IOT/production/mcc_generated_files/cloud/cloud_service.o
 .debug_ranges  0x00000000000001a0       0xa8 build/GOOGLE_IOT/production/mcc_generated_files/cloud/wifi_service.o
 .debug_ranges  0x0000000000000248       0x40 build/GOOGLE_IOT/production/mcc_generated_files/cloud/mqtt_service.o
 .debug_ranges  0x0000000000000288       0x48 build/GOOGLE_IOT/production/mcc_generated_files/cloud/google_cloud_service.o
 .debug_ranges  0x00000000000002d0       0x10 build/GOOGLE_IOT/production/mcc_generated_files/credentials_storage/credentials_storage.o
 .debug_ranges  0x00000000000002e0       0x80 build/GOOGLE_IOT/production/mcc_generated_files/CryptoAuthenticationLibrary/basic/atca_basic.o
 .debug_ranges  0x0000000000000360       0x20 build/GOOGLE_IOT/production/mcc_generated_files/CryptoAuthenticationLibrary/basic/atca_basic_genkey.o
 .debug_ranges  0x0000000000000380       0x38 build/GOOGLE_IOT/production/mcc_generated_files/CryptoAuthenticationLibrary/basic/atca_basic_lock.o
 .debug_ranges  0x00000000000003b8       0x28 build/GOOGLE_IOT/production/mcc_generated_files/CryptoAuthenticationLibrary/basic/atca_basic_nonce.o
 .debug_ranges  0x00000000000003e0       0x10 build/GOOGLE_IOT/production/mcc_generated_files/CryptoAuthenticationLibrary/basic/atca_basic_random.o
 .debug_ranges  0x00000000000003f0       0x58 build/GOOGLE_IOT/production/mcc_generated_files/CryptoAuthenticationLibrary/basic/atca_basic_read.o
 .debug_ranges  0x0000000000000448       0x20 build/GOOGLE_IOT/production/mcc_generated_files/CryptoAuthenticationLibrary/basic/atca_basic_sign.o
 .debug_ranges  0x0000000000000468      0x1f8 build/GOOGLE_IOT/production/mcc_generated_files/CryptoAuthenticationLibrary/basic/atca_helpers.o
 .debug_ranges  0x0000000000000660       0x30 build/GOOGLE_IOT/production/mcc_generated_files/CryptoAuthenticationLibrary/crypto/hashes/sha2_routines.o
 .debug_ranges  0x0000000000000690       0x28 build/GOOGLE_IOT/production/mcc_generated_files/CryptoAuthenticationLibrary/crypto/atca_crypto_sw_sha2.o
 .debug_ranges  0x00000000000006b8       0x20 build/GOOGLE_IOT/production/mcc_generated_files/CryptoAuthenticationLibrary/hal/atca_hal.o
 .debug_ranges  0x00000000000006d8       0x50 build/GOOGLE_IOT/production/mcc_generated_files/CryptoAuthenticationLibrary/hal/atca_i2c_hal.o
 .debug_ranges  0x0000000000000728       0x18 build/GOOGLE_IOT/production/mcc_generated_files/CryptoAuthenticationLibrary/hal/hal_i2c_timer.o
 .debug_ranges  0x0000000000000740       0x50 build/GOOGLE_IOT/production/mcc_generated_files/CryptoAuthenticationLibrary/jwt/atca_jwt.o
 .debug_ranges  0x0000000000000790      0x130 build/GOOGLE_IOT/production/mcc_generated_files/CryptoAuthenticationLibrary/atca_command.o
 .debug_ranges  0x00000000000008c0       0x28 build/GOOGLE_IOT/production/mcc_generated_files/CryptoAuthenticationLibrary/atca_device.o
 .debug_ranges  0x00000000000008e8       0x18 build/GOOGLE_IOT/production/mcc_generated_files/CryptoAuthenticationLibrary/atca_execution.o
 .debug_ranges  0x0000000000000900       0x60 build/GOOGLE_IOT/production/mcc_generated_files/CryptoAuthenticationLibrary/atca_iface.o
 .debug_ranges  0x0000000000000960       0x18 build/GOOGLE_IOT/production/mcc_generated_files/drivers/spi_master.o
 .debug_ranges  0x0000000000000978      0x178 build/GOOGLE_IOT/production/mcc_generated_files/drivers/timeout.o
 .debug_ranges  0x0000000000000af0       0x68 build/GOOGLE_IOT/production/mcc_generated_files/drivers/i2c_simple_master.o
 .debug_ranges  0x0000000000000b58       0x38 build/GOOGLE_IOT/production/mcc_generated_files/mqtt/mqtt_comm_bsd/mqtt_comm_layer.o
 .debug_ranges  0x0000000000000b90      0x1d0 build/GOOGLE_IOT/production/mcc_generated_files/mqtt/mqtt_core/mqtt_core.o
 .debug_ranges  0x0000000000000d60       0x28 build/GOOGLE_IOT/production/mcc_generated_files/mqtt/mqtt_exchange_buffer/mqtt_exchange_buffer.o
 .debug_ranges  0x0000000000000d88       0x18 build/GOOGLE_IOT/production/mcc_generated_files/mqtt/mqtt_packetTransfer_interface.o
 .debug_ranges  0x0000000000000da0      0x230 build/GOOGLE_IOT/production/mcc_generated_files/mqtt/mqtt_winc_adapter.o
 .debug_ranges  0x0000000000000fd0       0xc0 build/GOOGLE_IOT/production/mcc_generated_files/src/pin_manager.o
 .debug_ranges  0x0000000000001090       0x10 build/GOOGLE_IOT/production/mcc_generated_files/src/cpuint.o
 .debug_ranges  0x00000000000010a0       0x80 build/GOOGLE_IOT/production/mcc_generated_files/src/spi0.o
 .debug_ranges  0x0000000000001120       0x80 build/GOOGLE_IOT/production/mcc_generated_files/src/rtc.o
 .debug_ranges  0x00000000000011a0      0x1e8 build/GOOGLE_IOT/production/mcc_generated_files/src/twi0_master.o
 .debug_ranges  0x0000000000001388       0x98 build/GOOGLE_IOT/production/mcc_generated_files/src/adc0.o
 .debug_ranges  0x0000000000001420       0xb0 build/GOOGLE_IOT/production/mcc_generated_files/src/usart2.o
 .debug_ranges  0x00000000000014d0       0x68 build/GOOGLE_IOT/production/usart1.o
 .debug_ranges  0x0000000000001538       0xf8 build/GOOGLE_IOT/production/mcc_generated_files/winc/driver/winc_spi.o
 .debug_ranges  0x0000000000001630       0x68 build/GOOGLE_IOT/production/mcc_generated_files/winc/driver/winc_adapter.o
 .debug_ranges  0x0000000000001698       0x58 build/GOOGLE_IOT/production/mcc_generated_files/winc/driver/winc_hif.o
 .debug_ranges  0x00000000000016f0       0x78 build/GOOGLE_IOT/production/mcc_generated_files/winc/driver/winc_asic.o
 .debug_ranges  0x0000000000001768       0x20 build/GOOGLE_IOT/production/mcc_generated_files/winc/driver/winc_drv.o
 .debug_ranges  0x0000000000001788       0x98 build/GOOGLE_IOT/production/mcc_generated_files/winc/m2m/m2m_ssl.o
 .debug_ranges  0x0000000000001820      0x2f8 build/GOOGLE_IOT/production/mcc_generated_files/winc/m2m/m2m_wifi.o
 .debug_ranges  0x0000000000001b18       0x30 build/GOOGLE_IOT/production/mcc_generated_files/winc/m2m/m2m_fwinfo.o
 .debug_ranges  0x0000000000001b48      0x240 build/GOOGLE_IOT/production/mcc_generated_files/winc/socket/socket.o
 .debug_ranges  0x0000000000001d88       0x38 build/GOOGLE_IOT/production/mcc_generated_files/mcc.o
 .debug_ranges  0x0000000000001dc0       0x18 build/GOOGLE_IOT/production/mcc_generated_files/delay.o
 .debug_ranges  0x0000000000001dd8       0x80 build/GOOGLE_IOT/production/mcc_generated_files/application_manager.o
 .debug_ranges  0x0000000000001e58       0x40 build/GOOGLE_IOT/production/mcc_generated_files/debug_print.o
 .debug_ranges  0x0000000000001e98       0x58 build/GOOGLE_IOT/production/mcc_generated_files/led.o
 .debug_ranges  0x0000000000001ef0       0x18 build/GOOGLE_IOT/production/mcc_generated_files/sensors_handling.o
 .debug_ranges  0x0000000000001f08       0x60 build/GOOGLE_IOT/production/mcc_generated_files/time_service.o
 .debug_ranges  0x0000000000001f68       0x10 build/GOOGLE_IOT/production/mcc_generated_files/CryptoAuth_init.o
 .debug_ranges  0x0000000000001f78       0x10 build/GOOGLE_IOT/production/main.o
 .debug_ranges  0x0000000000001f88       0x10 build/GOOGLE_IOT/production/GPS.o

.debug_macro
 *(.debug_macro)
OUTPUT(dist/GOOGLE_IOT/production/AVR_IOT.production.elf elf32-avr)
LOAD linker stubs
LOAD data_init

.note.gnu.avr.deviceinfo
                0x0000000000000000       0x40
 .note.gnu.avr.deviceinfo
                0x0000000000000000       0x40 /opt/microchip/xc8/v2.31/dfp/xc8/avr/lib/avrxmega3/crtatmega4808.o

.bss.test.6078  0x00000000008033d1        0x1
 .bss.test.6078
                0x00000000008033d1        0x1 build/GOOGLE_IOT/production/mcc_generated_files/cli/cli.o

.bss.ateccsn    0x0000000000803393        0x2
 .bss.ateccsn   0x0000000000803393        0x2 build/GOOGLE_IOT/production/mcc_generated_files/cli/cli.o

.bss.commandTooLongFlag
                0x00000000008033d2        0x1
 .bss.commandTooLongFlag
                0x00000000008033d2        0x1 build/GOOGLE_IOT/production/mcc_generated_files/cli/cli.o

.bss.index      0x00000000008033d3        0x1